10minutemail.com
1337x.to
1e100.net
4freerussia.org
4pna.com
555-173-403gv.video-ik-ok-ii.xyz
5sim.net
7tv.app
7tv.io
a.animevost.org
abook-club.ru
academy.terrasoft.ua
adguard.com
adminforge.de
ahrefs.com
akamaized.net
allegro.pl
amazon.com
amazonaws.com
amd.online
amdm.ru
amx.com
android.clients.google.com
anidub.com
anidub.pro
anilibria.tv
animego.org
animevost.org
annas-archive.org
aol.com
api.animevost.org
api.service-kp.com
apkmirror.com
appstorrent.ru
archive.ph
archiveofourown.org
as6723.net
audiobookbay.lu
avira.com
baginya.org
bato.to
bcbits.com
beacons.gvt2.com
beeg.com
bestchange.ru
bf3-204-206gv.video-ik-ok-ii.xyz
bitru.org
bluehost.com
booktracker.org
booktracker.work
boominfo.org
booth.pm
booth.pximg.net
botnadzor.org
btdig.com
capcut.com
capcutapi.com
capcutstatic.com
capcutvod.com
carnegieendowment.org
cbilling.eu
cbilling.vip
cdn.fluidplayer.com
cdn77.com
ce1-048-404gv.video-ik-ok-ii.xyz
chaturbate.com
chub.ai
cloud.kodik-cdn.com
cloud.kodik-storage.com
cloudflare.com
cloudfront.net
cock.li
coinpayments.net
coinsbee.com
connectivitycheck.gstatic.com
coursera.org
croxyproxy.com
crunchyroll.com
cub.red
czx.to
decrypt.day
deepstatemap.live
depositphotos.com
designify.com
digash.live
digikey.com
digitalocean.com
dirtyship.com
dirtyship.net
dis.gd
disboard.org
discord-activities.com
discord-attachments-uploads-prd.storage.googleapis.com
discord.center
discord.co
discord.com
discord.design
discord.dev
discord.gg
discord.gift
discord.gifts
discord.me
discord.media
discord.new
discord.st
discord.store
discord.tools
discordactivities.com
discordapp.com
discordapp.io
discordapp.net
discordbee.com
discordbotlist.com
discordcdn.com
discordexpert.com
discordhome.com
discordhub.com
discordinvites.net
discordlist.me
discordlist.space
discordmerch.com
discordpartygames.com
discords.com
discordsays.com
discordservers.com
discordstatus.com
discordtop.com
discourse-cdn.com
disforge.com
dl.discordapp.net
dl2.discordapp.net
doton.jut.su
dpidetector.org
dreamhost.com
dyno.gg
dysprosium.cloud.kodik-storage.com
e-hentai.org
e621.net
ec3-9e8-200gv.video-ik-ok-ii.xyz
edu-cisco.org
eec.crunchyroll.com
ef.com
ef.edu
eggertspiele.de
element14.com
elements.envato.com
epidemz.net.co
eporner.com
everand.com
externulls.com
f95zone.to
faye-v2.shikimori.one
filmitorrent.net
findadiscord.com
flibusta.is
flibusta.net
flipboard.com
flisland.net
fls.guru
forklog.com
forum.netgate.com
forum.ru-board.com
freedomletters.org
freetp.org
gagadget.com
gen.jut.su
ggpht.com
gifyu.com
godaddy.com
gofile.io
gonitro.com
goodreads.com
googleplay.com
googlevideo.com
gr-assets.com
gvt1.com
hackernoon.com
hackmd.io
halooglasi.com
hentai-foundry.com
hetzner.cloud
hetzner.com
hostgator.com
hqporner.com
hronos.cloud.kodik-storage.com
hyperhost.ua
iditelesombase.org
iedb.org
ign.com
iichan.hk
ilook.tv
indiehackers.com
infineon.com
insearch.site
interactivebrokers.co.uk
ionos.com
island-of-pleasure.site
jnn-pa.googleapis.com
jut.su
jw-russia.org
jw.org
kamatera.com
kara.su
katon.jut.su
kinozal.me
kinozal.tv
knews.kg
knowyourmeme.com
kodik-add.com
kodik.info
kodikapi.com
kodikdb.com
kupujemprodajem.com
kym-cdn.com
lantern.io
le-production.tv
leafletjs.com
lh3.googleusercontent.com
libgen.li
libgen.rs
licdn.com
linear.app
linktr.ee
livetv.sx
liveuamap.com
lolz.guru
lu4.org
lucid.app
mailfence.com
mailo.com
make.com
malwarebytes.com
mangadex.org
mangahub.ru
mangapark.net
mashable.com
mchost.guru
media.animetop.info
mee6.xyz
mega.nz
megapeer.ru
metacritic.com
metal-archives.com
more.fm
mrakopedia.net
musixmatch.com
mw2.wiki
neformat.com.ua
networksolutions.com
nhentai.com
nhentai.net
nhl.com
nih.gov
nippon.com
nnmclub.to
nnmstatic.win
notepad-plus-plus.org
novaline.fm
ntc.party
nude-moon.org
nyaa.land
nyaa.si
nyaa.tracker.wf
ohmyswift.ru
okx.com
olx.ua
omv-extras.org
onlinesim.io
opensanctions.org
opensea.io
opentrackr.org
osmium.cloud.kodik-storage.com
ovhcloud.com
pages.dev
phncdn.com
pimpletv.ru
plab.site
play-fe.googleapis.com
play-games.googleusercontent.com
play-lh.googleusercontent.com
play.google.com
play.googleapis.com
polymarket.com
pornhub.com
pornolab.net
privatekeys.pw
prnt.sc
prod-lt-playstoregatewayadapter-pa.googleapis.com
protactinium.cloud.kodik-storage.com
pulse.cloud.kodik-cdn.com
rdtcdn.com
rdtds.net
red.cloud.kodik-storage.com
reddxxx.com
redgifs.com
redtube.com
refactoring.guru
render-state.to
rentry.co
restream.io
returnyoutubedislikeapi.com
rf.dobrochan.net
riseup.net
ru.xhamster.com
rublacklist.net
rule34.xxx
rus.ec
ruscryde.net
rustorka.com
rutor.info
rutor.is
rutor.org
rutracker.cc
rutracker.net
rutracker.org
rutracker.ru
rutracker.wiki
rutrk.org
sap.com
saturn.cloud.kodik-storage.com
saverudata.info
saverudata.net
sb-cd.com
sci-hub.se
sci-hub.st
scorpius.cloud.kodik-storage.com
scryde.io
scryde.net
scryde.ru
scryde.world
scryde1.net
scryde10.net
scryde11.net
scryde12.net
scryde2.net
scryde3.net
scryde4.net
scryde5.net
scryde6.net
scryde7.net
scryde8.net
scryde9.net
searchfloor.org
sebeanus.online
shikimori.one
shiza-project.com
showip.net
skiff.com
skladchik.com
sklatchiki.ru
sms-activate.io
spankbang.com
speedtest.net
spreadthesign.com
squietpc.com
st-5cva8vttppvjafpc7jvj.kodik.biz
startmail.com
startpage.com
static.crunchyroll.com
static.rutracker.cc
statology.org
stealth.si
steamstat.info
strpst.com
stulchik.net
supersliv.biz
swissinfo.ch
te-st.org
temu.com
thepiratebay.org
threema.ch
top.gg
torproject.org
torrent.by
torrindex.net
tr.anidub.com
tr.animetop.info
tr.libria.fun
tracker.torrent.eu.org
trellix.com
trueblackmetalradio.com
turbobit.net
tuta.com
tuta.io
twin.me
twinlife-systems.com
twinme.com
twirpx.com
ukr.net
ukrtelcdn.net
underver.se
unsplash.com
v.vrv.co
venus.cloud.kodik-storage.com
vice.com
visualcapitalist.com
voynaplemyon.com
vps.ovh.net
vrv.co
weblance.com.ua
webmd.com
webtoons.com
wide-youtube.l.google.com
wiki.fextralife.com
wilsoncenter.org
windows10spotlight.com
wss.animego.org
wstracker.online
wt.kodik.biz
www.1337x.to
www.amd.online
www.anidub.com
www.anidub.pro
www.anilibria.tv
www.animego.org
www.animevost.org
www.bato.to
www.beeg.com
www.booktracker.org
www.crunchyroll.com
www.discord.com
www.discordapp.com
www.f95zone.to
www.filmitorrent.net
www.hqporner.com
www.jut.su
www.kara.su
www.mangahub.ru
www.mangapark.net
www.nnmclub.to
www.nnmstatic.win
www.nyaa.land
www.nyaa.si
www.pornhub.com
www.pornolab.net
www.reddxxx.com
www.redgifs.com
www.redtube.com
www.rule34.xxx
www.rustorka.com
www.rutor.info
www.rutor.is
www.rutor.org
www.rutracker.org
www.rutracker.ru
www.rutracker.wiki
www.rutrk.org
www.shikimori.one
www.thepiratebay.org
www.torrent.by
www.torrindex.net
www.xhamster.com
www.xhamsterlive.com
www.xnxx-ru.com
www.xnxx.com
www.xv-ru.com
www.xvideos.com
www.yummyanime.tv
xhamster.com
xhamsterlive.com
xhcdn.com
xnxx-cdn.com
xnxx-ru.com
xnxx.com
xv-ru.com
xvideos-cdn.com
xvideos.com
youtu.be
youtube-nocookie.com
youtube-ui.l.google.com
youtube.com
youtube.googleapis.com
youtubeembeddedplayer.googleapis.com
youtubei.googleapis.com
youtubekids.com
ysagin.top
yt-video-upload.l.google.com
yt.be
yt3.googleusercontent.com
ytimg.com
ytimg.l.google.com
yting.com
yummyanime.tv
zbigz.com
zendesk.com
znanija.com
2.19.176.0/20
2.21.240.0/24
2.22.144.0/20
2.59.170.0/24
3.0.0.0/8
5.39.61.112/28
5.79.64.0/18
5.134.212.0/22
5.135.168.224/27
5.252.154.0/24
8.0.0.0/13
8.32.0.0/11
8.232.0.0/14
13.32.0.0/12
13.208.0.0/12
13.224.0.0/12
13.248.0.0/14
15.196.0.0/14
15.235.0.0/16
16.162.0.0/15
18.64.0.0/10
18.128.0.0/9
23.0.0.0/12
23.32.0.0/11
23.192.0.0/11
23.227.32.0/19
31.58.210.0/24
31.128.182.0/24
31.216.144.0/23
32.192.0.0/12
34.3.0.0/23
34.32.0.0/11
34.64.0.0/10
34.128.0.0/9
35.184.0.0/13
35.224.0.0/12
35.240.0.0/13
37.19.194.0/24
37.19.202.0/24
37.48.64.0/18
37.221.64.0/23
43.192.0.0/11
44.192.0.0/10
45.8.125.0/24
45.82.31.0/24
45.112.123.0/24
45.129.228.0/22
45.134.10.0/24
45.137.66.0/25
51.15.0.0/18
51.75.240.0/22
52.0.0.0/10
52.84.0.0/14
52.208.0.0/13
54.160.0.0/11
54.220.0.0/15
54.224.0.0/11
62.75.136.0/25
62.197.45.0/25
64.31.0.0/18
64.52.108.0/23
64.233.160.0/19
65.8.0.0/14
65.108.0.0/15
66.254.96.0/19
67.63.56.0/21
72.251.0.0/17
74.125.0.0/16
74.208.0.0/16
75.2.0.0/17
76.223.0.0/17
79.127.211.0/24
79.127.216.0/24
80.239.150.0/25
81.31.197.0/24
85.239.36.0/24
87.236.16.0/24
88.86.96.0/19
88.208.0.0/18
89.222.127.0/24
89.234.156.0/24
91.200.40.0/22
91.216.110.0/24
92.119.113.0/25
92.249.55.0/24
93.158.213.0/24
94.23.152.0/21
94.75.220.0/25
94.102.49.0/24
94.140.96.0/19
94.156.128.0/24
95.40.0.0/15
95.100.0.0/15
95.128.40.96/27
95.133.166.0/23
95.215.46.0/23
95.216.160.0/21
95.217.168.0/21
98.80.0.0/12
99.83.128.0/17
99.84.0.0/16
100.48.0.0/12
103.15.0.0/16
103.224.0.0/16
104.16.0.0/12
104.64.0.0/10
104.154.0.0/15
104.219.248.0/22
107.20.0.0/14
107.189.0.0/19
108.136.0.0/14
108.156.0.0/14
108.177.0.0/17
109.238.88.0/22
110.93.128.0/17
116.202.120.160/27
116.203.48.0/20
130.214.0.0/16
130.255.0.0/16
134.195.196.0/22
135.84.52.0/22
138.199.0.0/18
139.45.0.0/16
142.250.0.0/15
143.204.0.0/16
144.76.0.0/16
145.131.64.0/18
151.0.0.0/8
152.233.0.0/17
156.40.208.0/20
160.24.0.0/14
160.153.0.0/16
162.55.0.0/16
162.158.0.0/15
163.172.0.0/16
166.117.0.0/16
171.25.152.0/21
172.64.0.0/12
172.217.0.0/16
172.224.0.0/12
172.241.208.0/21
172.253.0.0/16
173.194.0.0/16
176.9.8.192/27
176.58.48.0/23
176.97.112.0/20
179.32.0.0/12
185.31.27.128/26
185.43.220.0/24
185.61.148.0/23
185.68.16.0/24
185.76.9.0/24
185.80.234.0/24
185.81.128.0/23
185.102.217.0/24
185.104.45.0/24
185.104.208.0/22
185.110.92.0/24
185.155.96.0/24
185.178.208.0/22
185.195.236.0/25
185.199.108.0/22
185.203.72.0/22
185.205.69.0/24
186.2.160.0/20
188.114.96.0/22
188.120.248.0/21
188.138.4.0/22
192.0.64.0/18
192.157.48.0/20
192.178.0.0/15
193.46.255.0/24
193.93.124.0/22
193.105.135.0/24
193.187.173.0/24
193.218.118.42/32
193.233.63.0/24
193.239.85.0/24
194.9.94.0/23
194.39.123.0/24
194.88.206.0/23
194.180.209.0/24
195.16.73.0/24
195.78.92.0/23
195.181.166.0/24
195.181.170.0/24
195.181.174.0/23
195.201.8.128/26
195.201.216.0/21
198.27.64.0/18
198.252.153.0/24
199.60.103.0/24
203.56.112.0/22
204.8.96.0/22
204.220.0.0/15
205.209.96.0/19
207.231.200.0/21
208.69.76.0/22
208.115.192.0/18
208.123.64.0/19
209.85.128.0/17
210.0.0.0/7
212.3.242.64/26
212.53.172.0/24
212.92.104.0/28
212.92.104.112/28
212.102.56.0/23
212.124.106.0/24
212.162.155.128/25
212.192.240.0/24
213.133.116.40/29
213.182.48.0/21
213.239.246.0/25
216.58.192.0/19
216.74.0.0/18
216.198.0.0/18
216.227.128.0/18
216.239.32.0/19
217.160.144.0/24
217.182.28.160/30
