12dagenkerstbijitunes.com
12diasdepresentesdeitunes.com
12diasderegalosdeitunes.cl
12diasderegalosdeitunes.co
12diasderegalosdeitunes.com
12diasderegalosdeitunes.cr
12diasderegalosdeitunes.gt
12diasderegalosdeitunes.hn
12diasderegalosdeitunes.pe
12joursdecadeauxdeitunes.com
12joursdecadeauxdeitunes.fr
3banana.com
3banana.net
3rdpartytestwebkit.org
5lineml.com
5lml.com
5lml.org
88388w.com
9991999h.com
a-beatsbydrestudio.us
a0pple.net
aapl.tw
aaplimg.com
aaplnews.com
abbloccdn.com
abolfvfpvyma.in
acdn1.com
acdn2.com
acdn3.com
acdn4.com
acot2.com
acxpress.com
agendafest.com
agruimjfsklcyp.com
agruimjfsklcyp.net
airport.brussels
airport.com
airport.eu
airport.info
airsupportapp.com
airtunes.com
airtunes.info
airtunes.net
akadns.net
akamaitechnologies.com
akamaized.net
akeeban.net
akibantech.net
akibantechnologies.net
akibantechnology.net
aknotepad.com
alchemysynth.com
aliapple.net
alphapushpin.com
alphapushpin.info
alphapushpin.net
alphapushpin.org
alpppyqwrlnoerr.com
alpppyqwrlnoerr.net
amazonaws.com
amdknmotredqcq.com
amdknmotredqcq.net
apache.org
aperture.camera
aperture.photography
aple.com
aplestore.com
app-store.wang
appl-e.com
appl.com
appl3e.com
applde.com
apple-9.com
apple-appstore.cn
apple-cloudkit.com
apple-computer.com
apple-darwin.com
apple-darwin.net
apple-darwin.org
apple-dns.cn
apple-dns.com
apple-dns.net
apple-downloads.com
apple-enews.com
apple-expo.com
apple-expo.eu
apple-expo.net
apple-geo.com
apple-hk.com
apple-ibooks.cn
apple-icloud.cn
apple-imac.com
apple-inc.com
apple-inc.net
apple-ipod.ca
apple-itunes.cn
apple-livephotoskit.com
apple-mapkit.com
apple-maps.cn
apple-myhealth.net
apple-mywellness.net
apple-online.com
apple-pay.com
apple-pay.rs
apple-pay.wang
apple-store.cn
apple-store.com
apple-store.net
apple-store.wang
apple-studies.com
apple-usa.net
apple-wallet.com
apple-wallet.net
apple-wallet.org
apple.at
apple.be
apple.bg
apple.bo
apple.bs
apple.by
apple.ca
apple.camera
apple.car
apple.ch
apple.cl
apple.cm
apple.cn
apple.co
apple.com
apple.cz
apple.de
apple.dk
apple.ee
apple.es
apple.eu
apple.fi
apple.fr
apple.hamburg
apple.hn
apple.hr
apple.hu
apple.ie
apple.in
apple.is
apple.it
apple.jo
apple.jp
apple.kr
apple.lk
apple.lt
apple.lv
apple.me
apple.movie
apple.my
apple.net
apple.news
apple.nl
apple.no
apple.pa
apple.photography
apple.pk
apple.pl
apple.pr
apple.pt
apple.ro
apple.rs
apple.ru
apple.sa
apple.se
apple.sg
apple.si
apple.sk
apple.so
apple.store
apple.studio
apple.sv
apple.th
apple.tt
apple.tv
apple.tw
apple.uk
apple.us
apple.xn--czr694b
apple.xn--fiqs8s
apple.xyz
appleaccount.net
appleafrica.com
appleantilles.com
appleappstore.cn
appleappstore.net
appleappstore.tv
appleaustralia.com
appleaustralia.net
applebk.net
applecarbon.com
applecard.apple
applecard.tv
applecare.berlin
applecare.cc
applecare.com
applecare.eu
applecare.hamburg
applecare.info
applecare.wang
applecentar.rs
applecenter.cn
applecentre.info
applechile.cl
applecom.com
applecomputer-imac.com
applecomputer.biz
applecomputer.cn
applecomputer.com
applecomputer.hu
applecomputer.info
applecomputer.kr
applecomputerimac.com
applecomputerinc.info
applecomputers.net
appleconcert.com
applecoronavirus.com
appledarwin.com
appledarwin.net
appledesigns.com
appledns.cn
appleenews.com
appleexclusive.com
appleexpo.eu
appleexpo.info
applefilmaker.com
applefilmmaker.com
applefinalcutproworld.com
applefinalcutproworld.net
applefinalcutproworld.org
applegeniusgrove.com
applegermany.com
applehelp.net
applehongkong.com
appleicloud.cn
appleid-applemx.com
appleid-applemx.us
appleid-iclou.com
appleid-uk.us
appleid.berlin
appleid.com
appleid.hamburg
appleid.hk
appleid.org
appleimac.com
appleinclegal.com
appleiphone.hu
appleiphone.net
appleiphonecell.com
appleipodsettlement.com
appleiservices.com
applelink.com
applelivephotos.net
applelivephotoskit.com
applemagickeyboard.com
applemagickeyboard.net
applemagicmouse.com
applemagictrackpad.com
applemaps.us
applemasters.info
applemusic.berlin
applemusic.co
applemusic.com
applemusic.hamburg
applemusic.wang
applemusicconnect.com
applemusicfestival.com
applemusicfestival.net
applemx-icloud.com
applenews.berlin
applenews.hamburg
applenews.tv
applenewsapp.com
applenewsformat.com
applenewspublisher.com
appleone.audio
appleone.blog
appleone.chat
appleone.cloud
appleone.club
appleone.com
appleone.community
appleone.film
appleone.guide
appleone.host
appleone.space
appleone.tech
appleone.website
appleonline.com
appleonline.net
appleonlinealerts.com
appleoriginalproductions.com
appleos.tv
applepay.berlin
applepay.hamburg
applepay.hk
applepay.info
applepay.jp
applepay.rs
applepay.tv
applepaycash.cn
applepaycash.net
applepaycash.tv
applepayeurope.com
applepaymerchantsupplies.info
applepaymerchantsupplies.net
applepays.com
applepaysupplies.berlin
applepaysupplies.cn
applepaysupplies.com
applepaysupplies.info
applepaysupplies.net
applepaysupplies.tv
applepaysupplies.xn--3ds443g
applepeekandpop.net
applepencil.net
applepodcasts.com
applepurchase.com
applereach.com
applereach.net
applersvp.com
apples-msk.ru
applesc.com
appleschoolcontent.com
applescreensavers.com
applescript.com
applescript.info
appleshare.info
applesiri.cn
applestor.com
applestore.bg
applestore.cc
applestore.ch
applestore.cm
applestore.cn
applestore.com
applestore.de
applestore.hk
applestore.info
applestore.kr
applestore.me
applestore.net
applestore.ph
applestore.qa
applestore.sg
applestore.wang
applestoreindonesia.com
applestoreonline.com
applestorepro.eu
applestpre.com
applesurveys.com
appleswift.com
appletaiwan.com
appletestcase.com
applethunderboltdisplay.com
appletips.net
appletrackpad.com
appletv.com
appletv.fr
appletv.info
appletv.wang
appletv4.cn
appletvos.net
appletvstore.net
applewallet.com
applewallet.org
applewallet.tv
applewatch.hk
applewatch.tv
applewatch.tw
applewatch.wang
applewatchedition.com
applewatchseries3.net
applewatchsport.com
appleweb.net
applexpo.net
appleyouraccount.com
applezh.com
applle.com
applstore.th
appmediagroup.com
appple.com
appple.us
appsforearth.com
appsto.re
appstore.com
appstore.hk
appstore.my
appstore.ph
appstoreapple.cn
appule.com
appvpc.net
apzones.com
ar-benchmark.com
ar-benchmark.net
ar-benchmark.org
ar-browser.com
ar-browser.info
ar-browser.org
ar-engine.com
ar-live.com
ar-live.net
ar-live.org
ar-utopia.com
arbenchmark.com
arbenchmark.net
arbenchmark.org
arengine.com
arengine.net
arengine.org
armusement.com
arutopia.com
associatedpartytestwebkit.org
asto.re
attackertestwebkit.org
augmented-reality-solutions.com
augmented-solutions.com
augmentedcitadel.com
augmentedmetropolis.com
augmentedreality101.com
augmentedrealityengine.com
augmentedrealityinsider.com
augmentedrealitynetwork.com
augmentedutopia.com
augmentmyreality.com
augmentourreality.com
avatar-cam.com
avatar-store.com
avateer.com
avateers.com
avatr.ch
avilus.org
awdnp.net
axple.com
bandmetric.com
beasbydresale.us
beats-bydrdre.us
beats-headphones.us
beats-soaho.us
beats1.cn
beats1.com
beats1.net
beats1radio.com
beats4.cn
beats4monster.us
beatsbarrahouse.com
beatsbydr-causad.us
beatsbydrcheapoutlet.us
beatsbydrdre-store.us
beatsbydrdrestore.us
beatsbydre-sales.us
beatsbydre.com
beatsbydre.pro
beatsbydrecheaponline.us
beatsbydreheadphones.us
beatsbydresales.us
beatsbydresolohd.us
beatsbydreus.us
beatsbydreusa.us
beatscheapsale.us
beatsdrdre.us
beatsdreus.us
beatsep.cn
beatsep.com
beatsep.net
beatsep.org
beatsepheadphone.com
beatsepheadphones.com
beatsepwireless.com
beatsmonstercheap.us
beatsone.com
beatsone.info
beatsone.net
beatsone.org
beatsoneradio.com
beatsoneradio.info
beatsoneradio.net
beatsoneradio.org
beatsstore.us
beatsstudio.us
beatswholesale.us
beddit.tv
bellytime.org
bestbeatsheadphones.us
bestbybeatsbydre.us
bestiphonestuff.com
bigdoc.net
blog.br
bookgenome.net
booklamp.net
bookmetric.com
braeburncapital.com
burstly.net
burstlyrewards.com
buy-different.net
buyaapl.com
buyaapl.net
buyaple.com
buyaple.net
buydifferent.net
calendar-server.net
calendarserver.org
camelphat.com
camelspaceeffect.com
carbon.com
carekit.org
catalina.hk
catch-trunk.com
catch-trunk.net
catch.com
cdn-apple.com
cdn-telegram.me
cdn-telegram.org
cdninstagram.com
channel.support
cheapbeats.us
cheapbeatsbydre.us
cheapbeatsbydresale.us
cheapbeatsheadphones.us
cheapmonsterbeatsusa.us
cheapnbeatsbydre.us
checkrepairapple.com
cheerwholesale.us
chezaimee.net
chomp.com
citya-r.com
cityaugmented.com
cityaugmentedreality.com
clarevision.com
claris.com
cloudkit.io
clwfnpueywccc.in
co.com
co.cr
co.hu
co.id
co.in
co.jp
co.kr
co.mz
co.ni
co.nz
co.rs
co.th
co.ug
co.uk
co.ve
co.za
codeml.org
codifiable.com
collab.services
collectfaces.com
com.af
com.au
com.bn
com.bo
com.br
com.cn
com.co
com.de
com.do
com.ee
com.eg
com.es
com.fr
com.gr
com.gy
com.hk
com.hn
com.hr
com.jm
com.jo
com.lk
com.mg
com.mx
com.my
com.ni
com.pa
com.pe
com.ph
com.pl
com.pr
com.pt
com.py
com.ro
com.ru
com.sg
com.sn
com.sv
com.tr
com.tt
com.tw
com.uy
com.ve
comments.app
communitiesapple.com
computervisionbenchmark.com
computervisionbenchmark.net
computervisionbenchmark.org
comscoreresearch.com
contest.com
coreml.net
cossutia.com
ctch.it
cups.org
custom-beatsbydre.us
darwinsource.com
darwinsource.org
darwinsourcecode.com
dashwood360.com
data-science-summit.com
datafabric.net
datasciencesummit.info
datasciencesummit.net
datascisummit.com
datoanalytics.com
datoanalytics.org
datobot.com
datoco.com
datoco.org
datoinc.com
datoinc.org
datoml.com
datonuvo.com
datonuvo.org
dcerpc.org
demounit.net
desbloquear-celular.net
desktopmovie.com
desktopmovie.net
desktopmovie.org
desktopmovies.net
desktopmovies.org
developer-advisor.com
device-manager.us
digitalhub.com
discusfarm.us
discussionsapple.com
discussionschineseapple.com
discussionsjapanapple.com
discussionskoreaapple.com
dot-mac.de
dotmac.com
dotmac.de
downloadsforipod.com
drdre-beatsheadphones.us
drdrebeatssolo.us
drdreoutlets.us
drdresolo.us
drebeatscheap.us
drebeatsheadphones.us
dvdmaestro.com
dvdstudiopro.biz
dvdstudiopro.com
dvdstudiopro.info
dvdstudiopro.net
dvdstudiopro.org
dvdstudiopro.us
earpod.net
ecgapp.net
edge.apple
edgekey.net
edu-research.com
edu-research.org
emac.in
emagic.de
embarkthere.com
emilytravels.net
emotient.biz
emotient.info
emotient.mobi
emotient.net
emotient.org
emotient.us
emotientnetworks.biz
emotientnetworks.com
emotientnetworks.info
emotientnetworks.net
emotientsoftware.biz
emotientsoftware.com
emotientsoftware.info
emotientsoftware.net
emotientsoftware.org
emotientsystems.biz
emotientsystems.info
emotientsystems.mobi
emotientsystems.net
emotienttechnologie.com
emotienttechnologie.net
emotientuniversity.com
emotionuniversity.com
emotionuniversity.info
emotionuniversity.net
emotionuniversity.org
emtlic.com
emtlic.net
entailo.com
entailo.org
eworld.com
experience.apple
experiences.apple
face-shift.ch
face-shift.com
face-shift.de
facebook.com
facebook.com.es
facebook.com.vn
facebook.fr
facebook.net
faceid99.com
faceid99.net
faceidglobal.com
faceshift-express.com
faceshift-studio.com
faceshift.at
faceshift.biz
faceshift.cn
faceshift.in
facetime.camera
facetime.net
facetime.photography
fakebeatsbydre.us
fb.com
fb.me
fbcdn.net
fbsbx.com
fearsomepanda.com
filemaker.com
filemaker.ru
filmmetric.com
finalcutpro.com
finalcutproworld.com
finalcutproworld.net
finalcutproworld.org
find-apple.com
firewire.cl
firewire.com
firewire.eu
firewire.org
flybymedia.us
forthecolorful.net
forthecolorful.org
forthecolourful.net
forthecolourful.org
foundationdb.com
foundationdb.net
foundationdb.org
gameofbooks.net
geoport.com
gliimpse.com
gliimpse.info
gliimpse.net
gliimpse.org
gliimpse.us
gliimpsedirect.com
glimpsedirect.com
goodbeatsoutletus.us
goodbeatsstore.us
graph.org
graphchi.com
graphchi.org
graphlab.org
highbolt.net
highboltnetwork.net
highboltnetworks.net
highboltsystem.net
highboltsystems.net
homepod.cn
hoostop.com
hop-stop.com
hopsketch.com
hopstop.se
hopstop.tv
i-book.com
i-book.net
ialoud.com
iapplenet.net
ibook.com
ibook.eu
ibook.net
ibookpartner.com
ibooksauthor.com
ichat.com
icheapbeatsbydre.us
icheapestbeatsbydrdre.us
icheapestbeatsbydre.us
iclnud.com
iclotd.com
icloud-apple.cn
icloud-content.com
icloud-isupport.com
icloud-sandbox.com
icloud.ch
icloud.cl
icloud.com
icloud.de
icloud.ee
icloud.fi
icloud.fr
icloud.hu
icloud.ie
icloud.is
icloud.jp
icloud.lv
icloud.om
icloud.org
icloud.pt
icloud.ro
icloud.se
icloud.si
icloud.sk
icloud.vn
iclouda.net
icloudaccess.net
icloudads.net
icloudalliance.net
icloudapple.cn
icloudblog.net
icloudbox.net
icloudbrowser.net
icloudcast.net
icloudcell.net
iclouddrive.net
icloude.com
icloude.net
iclouder.net
iclouderp.net
iclouders.net
icloudexplorer.net
icloudfeed.net
icloudfriends.net
icloudhome.com
iclouding.net
icloudinstant.net
icloudkeychain.com
icloudlet.net
icloudlets.net
icloudlife.net
icloudlight.net
icloudlite.net
icloudlive.net
icloudmail.net
icloudmarket.net
icloudmashup.net
icloudmedia.net
icloudmeet.net
icloudmovie.net
icloudmusic.net
icloudnavigator.net
icloudnet.net
icloudo.com
icloudo.de
icloudo.net
icloudoffice.net
icloudos.de
icloudos.net
icloudpad.net
icloudpay.net
icloudpc.net
icloudpeople.net
icloudplayer.net
icloudradio.net
icloudready.net
icloudsales.net
icloudsecure.net
icloudsetup.com
icloudshare.net
icloudsocial.net
icloudspace.net
icloudtags.net
icloudtouch.net
icloudtrust.net
icloudtube.net
icloudwidgets.net
icloudwiki.net
icloudworld.net
idmsa-apple.net
idmsa-apple.org
ids-apple.com
idvd.eu
ig.me
ijtbfwrvydan.com
ikids.com
ilife.eu
ilife.gr
ilife.wang
imac-apple.com
imac-applecomputer.com
imac.co
imac.com
imac.eu
imac.gr
imac.one
imac.rs
imacapple.com
imacapplecomputer.com
imacshop.net
images-catch.com
images-catch.net
imessage.tv
imokapp.com
imoovie.com
imovie.camera
imovie.eu
imovie.photography
imovie.us
imoviefest.com
imoviegallery.com
imoviestage.com
insidear.cn
insidear2014.com
insidear2015.com
insidear2016.com
insidear2017.com
insidear2018.com
insidear2019.com
insidear2020.com
insidear2021.com
insidear2022.com
insidear2023.com
insidear2024.com
insideaugmentedreality.com
insidemacintosh.com
instagram.com
internalfb.com
intrinsity.com
intrinsity.net
intrinsity.org
inuvos.com
ios-icloud.com
iosinthecar.com
ipa-iphone.net
ipad-hoes.net
ipad.de
ipad.host
ipad.wang
ipad3.com
ipadair.cl
ipadair.cm
ipadair.fr
ipadair.hk
ipadair.ie
ipadair.jp
ipadair.tw
ipadaustralia.com
ipadbookclub.net
ipadmini.cm
ipadmini.lk
ipadpro.buzz
ipadpro.mx
iphine.com
iphone-collcase.com
iphone.cm
iphone.com
iphone.de
iphone.es
iphone.host
iphone.org
iphone.pt
iphone.rs
iphone.ru
iphone.store
iphone.wang
iphone4.com
iphone4s.com
iphone5.com
iphone5casescovers.com
iphone5s5case.com
iphonecase2013.com
iphonecase5.com
iphonecases100.com
iphonecases5.com
iphonefc.com
iphonegermany.com
iphonehangzhou.com
iphoneimessage.com
iphoneplus.wang
iphonerip.net
iphonese.tv
iphoneseapple.com
iphonetransfer.net
iphoneunlockimei.com
iphonexs.tv
iphoto.camera
iphoto.eu
iphoto.no
iphoto.photography
iphoto.se
iphoto.us
iphoto.wang
ipod.ca
ipod.ch
ipod.cm
ipod.co
ipod.com
ipod.de
ipod.es
ipod.eu
ipod.fr
ipod.gr
ipod.hk
ipod.is
ipod.lt
ipod.net
ipod.no
ipod.pk
ipod.pt
ipod.rs
ipod.ru
ipod.tw
ipod2download.com
ipodcentre.nl
ipodcleaner.com
ipodgamecenter.net
ipoditouch.com
ipodnano.com
ipodnano.net
ipodprices.com
ipodrip.ca
ipods.com
ipodtouch.co
ipodtouch.com
ipodtouchgamecenter.net
ischool.com
isight.camera
isight.photography
isurvey-apple.com
isurveyapple.com
isurveys-apple.com
isurveysapple.com
itools.info
itun.es
itunbes.com
ituneas.com
itunes-apple.cn
itunes-nocookie.com
itunes-radio.net
itunes.ca
itunes.ch
itunes.cl
itunes.co
itunes.com
itunes.hk
itunes.hu
itunes.movie
itunes.mx
itunes.org
itunes.rio
itunes.si
itunes.uk
itunes.us
itunes12days.com
itunes12daysofchristmas.com
itunes12daysofchristmas.nl
itunes12giornidiregali.com
itunes12joursdecadeaux.com
itunes12tage.com
itunes12tagegeschenke.com
itunes7tageschlager.de
itunesapple.cn
itunesessentials.com
itunesfestival.com
itunesfestivals.com
itunesiradio.com
ituneslatino.com
ituneslogin.net
itunesmatch.com
itunesmusicstore.com
itunesparty.com
itunesradio.cn
itunesradio.com
itunesradio.gr
itunesradio.jo
itunesradio.na
itunesradio.rio
itunesradio.ru
itunesradio.si
itunesradio.sn
itunesradio.tv
itunesradio.tw
itunesradio.ug
itunesstore.co
itunesu.com
itunesu.net
itunesu.org
itunesuniversity.com
itunesuniversity.net
iutunes.com
iwork.com
iwork.se
iwork.wang
jetfuelapp.com
jetfuelapps.com
jp738.com
jtunes.com
junaio.biz
junaio.info
junaio.mobi
junaio.net
junaio.org
justbeatsbydre.us
kts-ae.net
kts-af.net
lala.com
latticedata.com
launchpad.wang
learnsprout.com
learnsprout.net
learnsprout.org
letsembark.com
live-photos.net
livephotos.cn
livephotos.tv
los12diasderegalosdeitunes.es
lostmy-apple.com
luxvue.net
luxvuetechnology.net
mac-mini.com
mac.com
mac.eu
mac.rs
mac.wang
macappsto.re
macbook.co
macbook.hk
macbook.pt
macbook.tw
macbook.us
macbook.wang
macbookair.cn
macbookair.com
macbookair.es
macbookair.hk
macbookair.info
macbookair.jp
macbookair.kr
macbookair.net
macbookair.pt
macbookpro.co
macbookpro.com
macbookpro.net
macbookpro.us
macbookpros.com
macbooks.us
macbooksale.com
macboxset.com
mach-os.com
mach-os.net
machos.net
macintosh.eu
macintosh.info
macintosh.pt
macintosh.us
macintoshsoftware.com
macmini.com
macos-sierra.com
macos.info
macos.us
macosforge.com
macosforge.net
macosforge.org
macossierra.com
macosx.info
macosxlion.com
macosxserver.com
macpazar.com
macports.org
macprices.com
macpro.pt
macreach.com
macreach.net
macruby.com
macruby.net
macruby.org
magictrackpad.com
makemymixtape.com
man-da.net
manualsinfoapple.com
mapmyvenue.com
mapsense.org
mapsensejs.com
mattermost.com
me.com
messenger.com
meta.com
metaio.biz
metaio.com
metaio.net
metaio.org
metaioworld.com
metapushpin.info
metapushpin.net
microvision.biz
mobileme.com
mobileme.dk
mog.com
monster-beatsheadphone.us
monsterbeat.us
monsterbeats-sale.us
monsterbeatsale.us
monsterbeatsbydrecheap.us
monsterbeatsoutlet.us
monsterbeatsteam.us
monsterbeatsusa.us
monstercity.us
monstersbeatsbydre.us
moviemetric.com
moyanar.com
mptec.com
musicanalytics.net
musicanalytics.org
musickit.net
musicmetric.net
musicmetric.org
my-beatsbydre.us
myapple.com
myapple.net
myappleid.com
myappleid.info
myaugmentedcity.com
myicloud.net
myipod.net
mylcloud.net
myorg.biz
myworldar.com
mzstatic.com
naprtcvcfaqa.com
naprtcvcfaqa.net
nechwuqneijj.com
nechwuqneijj.net
net.au
net.cn
net.gr
newbeatsbydre2013.us
newbeatsbydresale.us
newdrdrebeats2013.us
newsroom.apple
newton.com
next.com
nflshopping.us
nic.apple
nothingreal.com
oculus.com
ogmento.net
omegamap.com
omtrdc.net
oneline-apple-store.com
onescanner.com
osx.info
osxlionlaunchpad.com
overapple.com
pandav.us
pasemi.com
peek-pop.net
peekandpop.net
photobooth.camera
photobooth.photography
pittbos.io
placebase.ca
playquicktime.net
polarrose.net
polorose.net
polorrose.net
powerbeats2wireless.com
powerbeatsbydrdre.com
powerbeatsbydre.com
powerbook.cc
powerbook.com
powerbook.eu
powerbook.info
powermac.info
powerschool.com
predictiveappworld.com
pretendco.com
primephonic.com
prismo.com
privacyisimportant.com
publishing-research.com
publishing-research.org
publishing-survey.com
publishing-survey.org
publishingresearch.org
publishingsurvey.com
publishingsurvey.org
pullstring.net
qapple.com
qatesttool.com
qt-tv.net
qttv.net
quatrowireless.com
quickdraw3d.com
quicktime.cc
quicktime.com
quicktime.eu
quicktime.info
quicktime.net
quicktime.tv
quicktimelive.com
quicktimelive.info
quicktimestreaming.net
quicktimetv.info
quiz.directory
qwapi.com
reform-apple.com
registerapple.com
rememberingsteve.com
rememberingstevejobs.com
researchandcare.org
researchkit.biz
researchkit.cn
researchkit.hk
researchkit.info
researchkit.net
researchkit.org
researchkit.tv
retina.camera
retina.photography
ripmixburn.com
roivis.com
semetric.net
semetric.org
services-apple.net
servicetalk.io
shazam.com
sherlock.info
shop-different.com
shop-different.net
shop-different.org
shopdifferent.biz
shopdifferent.info
shopdifferent.net
shopdifferent.org
signal.art
signal.group
signal.link
signal.me
signal.org
signal.tube
signtime.apple
silu.net
simplex.chat
simplex.im
simplix.info
simplyipod.com
siri.com
sirikits.com
skyvines.info
skyvines.net
specialbeatsbydre.us
spektral.cc
spruceregistration.com
spruceuserforum.net
spruceuserforums.com
stel.com
stickers.tdesktop.com
streamquicktime.com
streamquicktime.net
sunglassesclearances.us
supportformapple.com
surveys-apple.com
surveysapple.com
swellapp.net
swift.org
swiftplaygrounds.net
swiftplaygrounds.org
swiftui.cn
t-me.red
t.me
taron.us
tdesktop.com
teleg.xyz
telega.one
telegra.ph
telegram-cdn.org
telegram.ai
telegram.asia
telegram.biz
telegram.cloud
telegram.cn
telegram.co
telegram.de
telegram.dev
telegram.dog
telegram.eu
telegram.host
telegram.in
telegram.info
telegram.io
telegram.jp
telegram.me
telegram.net
telegram.org
telegram.qa
telegram.ru
telegram.services
telegram.solutions
telegram.space
telegram.team
telegram.tech
telegram.uk
telegram.us
telegram.website
telegram.xyz
telegramdownload.com
telesco.pe
testwebkit.org
texture.com
tfbnw.net
tg.dev
tgram.org
the-apple-store.eu
theapple.com
theapplestore.com
theapplestore.eu
theapplestore.org
theapplestore.pt
theapplestore.us
theatremode.com
thefacebook.com
theitunesdownload.com
theshimmerapp.com
thetamap.com
think-different.eu
thinkdifferent.com
thinkdifferent.eu
thinkdifferent.info
thinkdifferent.us
threads.net
tipsapple.com
tlstestwebkit.org
tommyroe.info
torg.org
touchid.info
touchid.org
touchid.tv
touchid.wang
touchidpurchases.com
touchidpurchases.info
touchidpurchases.net
touchidpurchases.org
tracking-location.com
truedepth3d.com
tryrating.com
tuplejump.com
turiosity.org
turkexperiment.com
tvappstore.net
tvmetric.com
tx.me
ubnw.info
ubnw.net
uj139.com
uk.com
unaio.biz
unaio.com
unaio.info
unaio.mobi
unaio.net
unaio.org
unicode.net
unicode.org
unifeye.biz
unifeye.com
unifeye.mobi
unifeye.net
unifeye.org
unionbaynetwork.net
unionbaynetworks.net
unstyle.us
usa-onlinestore.us
usercontent.dev
vbcdn.com
vbcdn.net
velocity-engine.com
velocityengine.com
verizonwireless.com
viber.co
viber.com
viber.me
villanovachileatomic4321.blog
vitor-beats.us
vocalbookings.com
vocaliq.com
vocalserve.com
wa.me
walledgarden.school
webdvd.org
webkit.org
webkitgtk.org
webmate.com
webobjects.com
webobjects.de
webobjects.eu
webobjects.info
webobjects.net
whatsapp-plus.info
whatsapp-plus.me
whatsapp-plus.net
whatsapp.biz
whatsapp.cc
whatsapp.com
whatsapp.info
whatsapp.net
whatsapp.org
whatsapp.tv
whatsappbrand.com
whispersystems.org
whiteiphone.com
wholesalebeats.us
wl.co
wnygubokcqwa.in
workflow.is
wpewebkit.org
wrkflow.app
wswplwtctkjxeo.com
wswplwtctkjxeo.net
wuxiapple.com
wwapple.net
www-sms-apple.com
wwwapple.com
wwwapple.net
wwwapplecom.net
wwwapplemusic.com
wwwicloud.com
wwwipodlounge.com
wwwitunes.com
wwwlapple.com
wwwlapple.net
wwwmacbookair.com
wwwresearchkit.com
wwwresearchkit.org
wzrzviwsz.com
xavier-music.com
xn--4qr79iu6i.xn--io0a7i
xn--cckeg9a9iwh.xn--tckwe
xn--czrr7bf5l23jg82aokf.xn--fiq228c5hs
xn--czrs0t4phtr3a.cn
xn--fiqs8sxootzz.cn
xn--fqrzz324btzz.xn--io0a7i
xn--gtvq61a9vkbtg.xn--io0a7i
xn--gtvq61aiijy0b.xn--io0a7i
xn--gtvz22d.xn--5tzm5g
xn--gtvz22d.xn--hxt814e
xn--gwt64rpc074k.xn--io0a7i
xn--hxtr4rozx.xn--io0a7i
xn--hxtr4rozx.xyz
xn--kbt92zi8s5kd.xn--hxt814e
xn--ohq11k7pl25iyo8a.cn
xn--omsy58diei8zqjvo.xn--io0a7i
xserve.com
xserve.net
yessql.info
yessql.net
younaio.com
yourapple.com
zello.com
zetamap.com
zpple.com
2.23.80.0/20
2.59.170.0/24
3.0.0.0/8
8.0.0.0/13
8.32.0.0/11
13.32.0.0/12
13.248.0.0/14
15.196.0.0/14
16.148.0.0/16
17.0.0.0/8
18.64.0.0/10
18.128.0.0/9
23.20.0.0/14
31.13.64.0/18
32.184.0.0/13
34.192.0.0/10
35.80.0.0/12
35.160.0.0/12
35.240.0.0/13
37.59.32.0/19
44.192.0.0/10
46.105.159.0/24
51.91.18.0/24
52.0.0.0/10
52.64.0.0/12
52.84.0.0/14
52.192.0.0/12
54.38.0.0/16
54.64.0.0/11
54.144.0.0/12
54.160.0.0/11
54.224.0.0/11
57.0.0.0/8
62.122.168.0/21
64.31.0.0/18
64.190.62.0/23
65.49.192.0/19
65.98.40.0/21
65.108.0.0/15
67.199.248.0/24
68.176.0.0/15
69.162.64.0/18
70.112.0.0/12
72.251.0.0/17
76.223.0.0/17
79.170.40.0/21
85.17.5.0/24
86.105.244.0/22
95.101.96.0/22
95.161.64.0/20
95.216.184.0/21
100.20.0.0/14
100.24.0.0/13
100.48.0.0/12
103.45.244.0/24
103.224.0.0/16
104.16.0.0/12
104.219.248.0/22
108.136.0.0/14
112.0.0.0/8
136.243.0.0/16
137.188.0.0/16
139.162.0.0/16
143.204.0.0/16
149.154.128.0/17
151.101.0.0/16
157.240.0.0/16
162.115.0.0/16
166.117.0.0/16
169.32.0.0/11
170.249.192.0/18
172.64.0.0/13
172.104.0.0/15
172.224.0.0/12
178.210.64.0/20
184.24.0.0/13
184.32.0.0/12
184.84.0.0/14
185.182.56.0/24
185.199.108.0/22
188.114.96.0/22
188.166.0.0/17
192.230.64.0/18
199.7.160.0/22
202.146.128.0/17
207.207.210.0/24
209.237.0.0/18
212.7.192.0/20
219.0.0.0/8
