02179915.akstat.io
178.238.223.35.bc.googleusercontent.com
2024recap-framer-prod.perplexity.ai
37signals.com
4pda.to
4pda.ws
58caebff-bugsentrycore-riv-aa3a-751432187.us-east-1.elb.amazonaws.com
a-v2.sndcdn.com
a.pixiv.org
a1.api.bbc.co.uk
a1819.g1.akamai.net
a360.co
a743.g.akamai.net
a793.dscd.akamai.net
abtest-sg-tiktok.byteoversea.com
abtest-va-tiktok.byteoversea.com
account-tiktok.com
accounts.aws-gslb.prod.ea.com
accounts.pixiv.net
accounts.scdn.co
accounts.snapchat.com
accounts.spotify.com
acctcdnmsftuswe2.azureedge.net
acctcdnvzeuno.azureedge.net
ad-center.snapchat.com
adblockplus.org
addlive.io
adguard-dns.com
admin.i.perplexity.ai
admin.perplexity.ai
adobe.com
adobe.de
adobe.io
adobe.net
adobedtm.com
adobeereg.com
adobegenuine.com
adobejanus.com
adobelogin.com
ads-interfaces-dev.sc-cdn.net
ads-interfaces.sc-cdn.net
ads-pixiv.net
ads-preprod.snapchat.com
ads-twitter.com
ads.snapchat.com
adsapi.snapchat.com
adsapi2.snapchat.com
adsapi3.snapchat.com
advertising.snapchat.com
agent.dept.one
agents.i.perplexity.ai
agents.media
agentura.ru
agi-v2.perplexity.ai
ai.com
ai.google.dev
ai.i.perplexity.ai
aida.googleapis.com
aisandbox-pa.googleapis.com
aistudio.google.com
aka.sc-cdn.net
akamaihd.net
alertmanager.metabrainz.org
alkalimakersuite-pa.clients6.google.com
am-api.snapchat.com
amazonses.com
amd.com
amnezia.org
analytics.tiktok.com
antelope-rtm-prod-black-519949175.us-east-1.elb.amazonaws.com
anthropic.com
anthropic.qualtrics.com
antigravity-pa.googleapis.com
antigravity-unleash.goog
antigravity.google
antigravity.googleapis.com
ap-guc3.spotify.com
ap-southeast1-aws.gateway.snapchat.com
api-auth.soundcloud.com
api-h2.tiktokv.com
api-kit.snapchat.com
api-partner.spotify.com
api-v2.soundcloud.com
api.fanbox.cc
api.github.com
api.githubcopilot.com
api.k.social.ea.com
api.perplexity.ai
api.snapchat.com
api.spotify.com
api.tiktok.com
api.tiktokv.com
api16-core-ie.tiktokv.eu
api16-core-ycru.tiktokv.com
api16-normal-c-useast1a.tiktokv.com
api16-normal-ie.tiktokv.eu
api16-normal-ycru.tiktokv.com
api2-16-h2.musical.ly
api2-21-h2.musical.ly
api2.musical.ly
app-analytics-dev.snapchat.com
app-analytics-v2.snapchat.com
app-analytics.snapchat.com
app.snapchat.com
app.storyblok.com
applepay.cdn-apple.com
apresolve.spotify.com
arc-test.i.perplexity.ai
archive.agentura.ru
archlinux.org
argocd-test.i.perplexity.ai
arkoselabs.co
arkoselabs.com
arn11s04-in-f3.1e100.net
arn11s11-in-f14.1e100.net
art.snapchat.com
artists.soundcloud.com
artists.spotify.com
artstation.com
asi-admin.i.perplexity.ai
asi.i.perplexity.ai
asia-southeast1-gcp.api.snapchat.com
asset.booth.pm
assets-themes.chess.com
assets.snapchat.com
assets.teinon.net
assets.web.soundcloud.cloud
atlassian.com
audio-fa-tls13.spotifycdn.com
audio-fa.scdn.co
auth.grazie.ai
auth.metabrainz.org
auth.snapchat.com
autocad.com
autodesk.com
autodesk.io
autodesk.net
autodesk360.com
aw.sc-cdn.net
aws-cf.api.snapchat.com
aws-proxy-gcp.api.snapchat.com
aws.api.snapchat.com
aws.duplex.snapchat.com
babook.org
backblazeb2.com
backtoschool-prod-framer.perplexity.ai
bard.google.com
basecamp.com
basecampapi.com
battle.net
bbc.com
bbci.co.uk
beacon.riskified.com
beammp.com
beamng.com
beamng.gmbh
beamng.tech
beeble.com
beeg.com
bellingcat.com
beta.musicbrainz.org
beta.snappublisher.snapchat.com
bitbucket.org
bitcoin.org
bitmoji.api.snapchat.com
blizzard.com
blog.metabrainz.org
blog.musicbrainz.org
blog.perplexity.ai
blox.com
blz-contentstack.com
bng.gg
bolt-gcdn-staging.sc-cdn.net
bolt-gcdn.sc-cdn.net
bolt-gme.sc-cdn.net
bono.metabrainz.org
boombeach.com
boosteroid.com
booth.pm
booth.pximg.net
bosch-home.com
brawlstars.com
brawlstarsgame.com
browser-download.perplexity.ai
browser-intake-datadoghq.com
browser.events.data.microsoft.com
bsync-ie.tiktokv.eu
bsync16-normal-ycru.tiktokv.com
bungiestore.com
business-fellowship-framer-prod.perplexity.ai
business-manager.snapchat.com
business.snapchat.com
businesshelp.snapchat.com
byspotify.com
c-test.sc-cdn.net
c-test2.sc-cdn.net
c-test3.sc-cdn.net
c-test4.sc-cdn.net
c.go-mpulse.net
c.riskified.com
c2-13-53-167-35.eu-north-1.compute.amazonaws.com
calendar.snapchat.com
canva-apps.com
canva.com
canvaz.scdn.co
ccpgames.com
cdn-185-199-109-133.github.com
cdn-185-199-111-133.github.com
cdn.auth0.com
cdn.branch.io
cdn.cookielaw.org
cdn.fluidplayer.com
cdn.jsdelivr.net
cdn.sapphire.microsoftapp.net
cdn.snapchat.com
cdn.speedcurve.com
cdn32.lol
cdnjs.cloudflare.com
cdntogo.net
censortracker.org
cerebras.ai
cf-hls-media.sndcdn.com
cf-st.sc-cdn.net
chameleon.io
charts-images.scdn.co
charts.spotify.com
chat-gateway-prod.chat.snapchat.com
chat.com
chat.openai.com.cdn.cloudflare.net
chatgpt.com
chatgptexporter.com
chatlogs.metabrainz.org
chaturbate.com
cherta.media
chess.com
cisco.com
clash.com
clashmini.com
clashofclans.com
clashroyale.com
clashroyaleapp.com
clau.de
claude.ai
claude.com
claudemcpclient.com
claudemcpcontent.com
claudeusercontent.com
click.email.snapchat.com
click.learn.ads.snapchat.com
click.snapchat.com
clickup-attachments.com
clickup-au.com
clickup-eu.com
clickup-prod.com
clickup-sg.com
clickup.ada.support
clickup.chilipiper.com
clickup.com
clients6.google.com
clienttoken.spotify.com
cloud.email.snapchat.com
cloudflare.sc-cdn.net
cms-twdigitalassets.com
code.gist.build
codox.io
coldfilm.city
coldfilm.ink
coldfilm.xyz
colta.ru
comet-feedback.perplexity.ai
comet-framer-prod.perplexity.ai
comet.perplexity.ai
comic.pixiv.net
commerce-merchant.snapchat.com
commons.dw.com
community.metabrainz.org
community.perplexity.ai
concerts.spotifycdn.com
consent.dw.com
consent.sndcdn.com
console-testing.i.perplexity.ai
console.perplexity.ai
copilot-proxy.githubusercontent.com
copilot-telemetry.githubusercontent.com
copilot.microsoft.com
copyrighttrollsmustdie.musicbrainz.org
count.perplexity.ai
create.snapchat.com
creator.snapchat.com
creators.snapchat.com
csskor.ill.in.ua
ct-giphy.sc-cdn.net
ctf.dept.one
ctfassets.net
curators-framer-prod.perplexity.ai
currenttime.tv
curseforge.com
cyberghostvpn.com
d.docs.live.net
d1unuk07s6td74.cloudfront.net
daily.co
danbooru.donmai.us
daramalive.life
datadoghq.com
datalore.io
dealer.spotify.com
deepl.com
deepmind.com
deepmind.google
deezer.com
delfi.lv
dell.com
dellcdn.com
demo.perplexity.ai
depcollect.hmgroup.com
dept.one
dev.metabrainz.org
developer.snapchat.com
developer.vroid.com
developers.snapchat.com
deviantart.com
di-rbx.com
dic.pixiv.net
diceprodblapp-08.ea.com
diceprodblapp-09.ea.com
diceprodblapp-10.ea.com
direct-response-gcp.api.snapchat.com
dirtyship.com
dirtyship.net
discover-audio.perplexity.ai
disneyplus.com
docs.perplexity.ai
docs.snapchat.com
donate.ovdinfo.legal
doramy.club
doxa.team
drivermax.com
ds.sc-cdn.net
ds.snapchat.com
dual-a-0001.a-msedge.net
duolingo.com
dw.com
dwt.soundcloud.com
dzcdn.net
e-hentai.org
e3782.cd.akamaiedge.net
e4894.g.akamaiedge.net
e4mc.link
e621.net
eagle.sapphire.microsoftapp.net
earn.snapchat.com
ec2-108-128-226-255.eu-west-1.compute.amazonaws.com
ec2-13-48-240-20.eu-north-1.compute.amazonaws.com
ec2-13-53-167-35.eu-north-1.compute.amazonaws.com
echofm.online
edge.microsoft.com
edgeservices.bing.com
education-framer-prod.perplexity.ai
educators.snapchat.com
ehorussia.com
ej.ru
elastic.co
elevenlabs.io
email-content.sc-cdn.net
email.mg-supply.perplexity.ai
email.perplexity.ai
email.snapchat.com
emp.bbci.co.uk
encore.scdn.co
encyclopedia-prod-framer.perplexity.ai
enterprise-auth.perplexity.ai
enterprise-authkit.perplexity.ai
enterprise-prod.perplexity.ai
enterprise-setup.perplexity.ai
enterprise.perplexity.ai
eporner.com
ess.api.bbci.co.uk
essential.gg
etsy.com
eu-mobile.events.data.microsoft.com
eu-west1-aws.gateway.snapchat.com
euronews.com
europe-west1-gcp.api.snapchat.com
event-tracker.inditex.com
event.pixiv-recommend.net
events.snapchat.com
eveonline.com
evetech.net
evevanguardtech.com
exchangeratesapi.io
exitgames.com
exler.ru
experience.snapchat.com
ext-3-251-167-67.blaze.ea.com
ext-3-251-167-91.blaze.ea.com
externulls.com
f16-tiktok-common.ibytedtos.com
f95zone.to
fabulous.hmgroup.com
factory.pixiv.net
fanbox.cc
fast.com
fastpic.org
fastpic.ru
features.inditex.com
fedora.ipacct.com
fedoraforum.org
fedoramagazine.org
fedorapeople.org
fedoraproject.org
feedcdn.sapphire.microsoftapp.net
feelinsonice.com
fellowship.perplexity.ai
femeretes.org
ficbook.net
filmix.biz
filmix.fm
firebaseinstallations.googleapis.com
flathub.org
flatpak.org
fmhy.lol
fmhy.net
focus.snapchat.com
forbusiness.snapchat.com
forgecdn.net
formula1.com
fpt2.microsoft.com
frontier-ru.tiktokv.com
funkwhale-dev.metabrainz.org
fwupd.org
g-test.sc-cdn.net
g-test2.sc-cdn.net
g-test3.sc-cdn.net
g-test4.sc-cdn.net
g2a.com
gamedistribution.com
games.snapchat.com
gamesrepack.com
gaming-sdk.com
garmin.com
gateway.bingviz.microsoftapp.net
gcp.api.snapchat.com
gcs.sc-cdn.net
gearbox.com
gearboxsoftware.com
gecko16-platform-ycru.tiktokv.com
gelbooru.com
geller-pa.googleapis.com
gemini.google
gemini.google.com
generativeai.google
generativelanguage.googleapis.com
generic.wg.spotify.com
genius.com
geofilters-api.snapchat.com
geofilters-community-api.snapchat.com
geofilters.snapchat.com
geolocation.onetrust.com
getfedora.org
getoutline.org
getsentry.net
getstarted.tiktok.com
gew1-dealer.spotify.com
gew1-spclient.spotify.com
github.com
githubcopilot.com
githubusercontent.com
gitlab.com
gitlab.io
gn-web-assets.api.bbc.com
goblocks.com
goblox.com
golosameriki.com
gordonua.com
gosca.ea.com
gql.twitch.tv
grafana.com
grammarly.com
graph.soundcloud.com
grok.com
grok.x.com
groove.snapchat.com
groq.com
groqstatus.com
gtagarage.com
gtnewhorizons.com
gts.byteoversea.net
gulagu.net
habr.com
hashicorp.com
hayday.com
haydaygame.com
hbomax.com
hdkinoteatr.com
hdrezka.ac
hdrezka.ag
hdrezka.cm
hdstudio.org
heads-fa-tls13.spotifycdn.com
help.snapchat.com
hentai-foundry.com
hentaichan.live
heroku.com
herokucdn.com
hlsvod.dw.com
hmgroup.com
holod.global.ssl.fastly.net
holod.media
home-connect.com
hoops.games.snapchat.com
hotapi-ru.tiktokv.com
hqporner.com
hrw.org
huawei.com
hub-prod.perplexity.ai
hub.vroid.com
i-lo.scdn.co
i.pximg.net
i.scdn.co
i1.sndcdn.com
ib.tiktokv.com
ichef.bbci.co.uk
id.korrespondent.net
idcta.api.bbc.com
im-ws-sg.tiktok.com
image-cdn-fa.spotifycdn.com
image.email.snapchat.com
image.learn.ads.snapchat.com
imagedelivery.net
images-wixmp-ed30a86b8c4ca887773594c2.wixmp.com
images.chesscomfiles.com
img-novel.pximg.net
img-sketch.pximg.net
img.riskified.com
imgix.net
imp.pixiv.net
important-stories.com
in.appcenter.ms
infinitenovel.eu
intel.com
intel.de
intel.nl
intellij.com
intellij.net
intellij.org
intercom-help-center.perplexity.ai
intercom.io
intercomassets.com
intercomcdn.com
internal.snappublisher.snapchat.com
intg.snapchat.com
investor.snapchat.com
iosbeta.snapchat.com
iptv.online
island-of-pleasure.site
isnssdk.com
isp-lookup-prod-x5b7jhrkea-ew.a.run.app
istories.media
itch.io
itch.zone
jaguar-prod.snapchat.com
jb.gg
jellyfin.org
jetbrains.ai
jetbrains.com
jetbrains.com.cn
jetbrains.dev
jetbrains.net
jetbrains.org
jetbrains.ru
jetbrains.space
jetbrains.team
jsb-ru.tiktokv.com
jules.google
jules.google.com
kasparov.ru
kavkaz-uzel.eu
kino.pub
kinobase.org
kinogo.ec
kinogo.uk
kinovod.net
kinovod.pro
kit-staging.snapchat.com
kit.snapchat.com
korrespondent.net
kotl.in
kotlinconf.com
kotlinlang.org
krymr.com
ktat.krymr.com
ktor.io
labs.google
labs.perplexity.ai
launchdarkly.com
lawenforcement.snapchat.com
lb-140-82-121-3-fra.github.com
lb-140-82-121-4-fra.github.com
leagueoflegends.com
learn.advertising.snapchat.com
lenovo.com
lens-lab.snapchat.com
lens.games.snapchat.com
lens.snapchat.com
lensstudio.snapchat.com
lenstudio.snapchat.com
lenswebbuilder.snapchat.com
less.snapchat.com
lf1-ttcdn-tos.pstatp.com
lf16-effectcdn-sg.tiktokcdn.com
lf16-muse-va.ibytedtos.com
lf16-pitayacdn.tiktokcdn.com
lf16-tiktok-im-scp.tiktokcdn.com
lf19-pitayacdn.tiktokcdn.com
lf9-geckocdn.tiktokcdn.com
lgincdnmsftuswe2.azureedge.net
lgincdnvzeuno.azureedge.net
lib.rus.ec
libra-ru.tiktokv.com
libra-va.tiktokv.com
libra16-normal-ie.tiktokv.eu
libraweb.tiktokw.eu
licdn.com
link.snapchat.com
linkedin.com
livejournal.com
livekit.cloud
localbitcoins.com
location-v6-ru.tiktokv.com
location.microsoft.com
log-va.tiktokv.com
log.tiktokv.com
log16-normal-ie.tiktokv.eu
log16-platform-ycru.tiktokv.com
log2.musical.ly
login.snapchat.com
lostfilm.run
lostfilm.tv
lostfilm.win
luau-lang.org
luau.org
luobu.biz
luobu.info
luobu.io
luobu.org
m-dde25578-c8f1-ee11-a1fa-000d3a248d6c.eu.omnichannelengagementhub.com
mail2.support.snapchat.com
makersuite.google.com
manjaro.org
map.snapchat.com
maps.snapchat.com
marketing-web-api.snap.com
marketingapi.snapchat.com
max.com
mcs-sg.tiktokv.com
mcs-va-useast2a.tiktokv.com
mcs-va.tiktokv.com
mdza.io
media.cos.com
mediazona.ca
medium.com
meduza.io
mega.co.nz
mem-a.sc-cdn.net
mem-c.sc-cdn.net
mem-d.sc-cdn.net
mem-h.sc-cdn.net
mem-n.sc-cdn.net
mem-o.sc-cdn.net
memohrc.org
memopzk.org
memorialcenter.org
meraki.com
microsoft.com
minis.snapchat.com
miro.com
mirostatic.com
ml.snapchat.com
mo.co
mobile.events.data.microsoft.com
modrinth.com
modrinth.gg
mon-i18n.tiktokv.com
mon-ru.tiktokv.com
mon.musical.ly
mon.tiktokv.com
mongodb.com
mongodb.org
moscowtimes.ru
mrkt.spotifycdn.com
mssdk-i18n.tiktok.com
mssdk-ru.tiktokv.com
mssdk16-normal-ie.tiktokv.eu
mta-sts.dept.one
mullvad.net
muscdn.com
musemuse.cn
musical.ly
musicbrainz.org
mux.com
mvm-20240424.snapchat.com
mvm.mvm-20240424.snapchat.com
mvm.snapchat.com
my.snapchat.com
mybbc-analytics.files.bbci.co.uk
myjetbrains.com
naukimg.com
naukri.com
nav.files.bbci.co.uk
navalny.com
neoforged.net
netflix.ca
netflix.com
netflix.com.au
netflix.net
netflixdnstest1.com
netflixdnstest10.com
netflixdnstest2.com
netflixdnstest3.com
netflixdnstest4.com
netflixdnstest5.com
netflixdnstest6.com
netflixdnstest7.com
netflixdnstest8.com
netflixdnstest9.com
netflixinvestor.com
netflixstudios.com
netflixtechblog.com
network-visual-dev.i.perplexity.ai
newjira.metabrainz.org
news.newtimes.ru
newstudio.tv
newtimes.ru
nflxext.com
nflximg.com
nflximg.net
nflxsearch.net
nflxso.net
nflxvideo.net
nhentai.com
nhentai.net
nordaccount.com
nordcdn.com
nordvpn.com
notebooklm.google
notebooklm.google.com
notion-emojis.s3-us-west-2.amazonaws.com
notion-static.com
notion.com
notion.new
notion.site
notion.so
novayagazeta.eu
novayagazeta.ru
novel.pixiv.net
nsi.activity.api.bbc.com
nude-moon.org
oaistatic.com
oaiusercontent.com
oauth.metabrainz.org
oc-cdn-public-eur.azureedge.net
oec16-normal-ycru.tiktokv.com
omni-insights.perplexity.ai
omnicollector.snapchat.com
onetrust.com
onlineradiobox.com
onmaven.app
open-pixon.ads-pixiv.net
open.live.bbc.co.uk
open.spotify.com
openai.com
openai.fund
openai.org
openh264.org
openrouter.ai
openwrt.org
optimizely.com
os.colta.ru
ovd.info
ovdinfo.legal
ovdinfo.org
p1-tt-ipv6.byteimg.com
p1-tt.byteimg.com
p16-ad-sg.ibyteimg.com
p16-amd-va.tiktokcdn.com
p16-sg.tiktokcdn.com
p16-sign-sg.tiktokcdn.com
p16-sign-va.tiktokcdn.com
p16-tiktok-sg.ibyteimg.com
p16-tiktok-sign-va-h2.ibyteimg.com
p16-tiktok-va-h2.ibyteimg.com
p16-tiktok-va.ibyteimg.com
p16-tiktokcdn-com.akamaized.net
p16-va-tiktok.ibyteimg.com
p26-tt.byteimg.com
p3-tt-ipv6.byteimg.com
p58-sg.tiktokcdn.com
p58-va.tiktokcdn.com
p77-sg.tiktokcdn.com
p77-sign-sg.tiktokcdn.com
p9-tt.byteimg.com
pagead2.googlesyndication.com
paperagency.team
paperpaper.ru
papersupport.ru
parents.snapchat.com
parsec.app
partnerhub-api.snapchat.com
partners-api.snapchat.com
partners.snapchat.com
partnership.snapchat.com
pastela.app
patreon.com
patreonusercontent.com
paypal.com
pcbway.com
pcbway.ru
perception.sc-cdn.net
perception.snapchat.com
periscope.tv
perplexity-ai.cloudflareaccess.com
perplexity.ai
phncdn.com
photonengine.io
photonindustries.io
picard-docs.musicbrainz.org
pickasso.spotifycdn.com
pitaya-ru.tiktokv.com
pixel-static.spotify.com
pixiv.co.jp
pixiv.me
pixiv.net
pixiv.org
pixivision.net
pixon.ads-pixiv.net
places.snapchat.com
play.snapchat.com
podcast.perplexity.ai
podz-content.spotifycdn.com
policies.pixiv.net
polit.ru
pornhub.com
pplx-audio-voice-samples-public.perplexity.ai
pplx-browser-extensions.perplexity.ai
pplx-browser-favicons.perplexity.ai
pplx-browser.perplexity.ai
pplx-next-static-public.perplexity.ai
pplx-restricted-static.perplexity.ai
pplx-sidecar-v2.perplexity.ai
ppy.sh
prd-fusion-proxy-alb-1109311942.us-east-1.elb.amazonaws.com
prd-tos-nlb-7d2be55cca05c78e.elb.us-east-1.amazonaws.com
premium-stories.snapchat.com
presentpicker-framer-prod.perplexity.ai
preview.i.perplexity.ai
primevideo.com
prismic.io
private.minis.sc-cdn.net
pro-accounts.sc-cdn.net
pro-accounts.snapchat.com
pro-insights.snapchat.com
pro-stories.snapchat.com
proactivebackend-pa.googleapis.com
production-openaicom-storage.azureedge.net
productmanagers-prod-framer.perplexity.ai
proekt.media
profile.snapchat.com
prometheus.metabrainz.org
promgraf.metabrainz.org
prostovpn.org
proton.me
protonmail.com
protonvpn.com
proxyline.net
pscdn.co
pscp.tv
psiphon.ca
pub-bf-prod-grpc.ops.dice.se
pub-bf-prod.ops.dice.se
public-img-comic.pximg.net
public.minis.sc-cdn.net
publish.snapchat.com
pull-a5-gcp01.tiktokcdn.com
pull-a5-sg01.tiktokcdn.com
pull-a5-va01.tiktokcdn.com
pull-c5-gcp01.fcdn.eu.tiktokcdn.com
pull-c5-gcp01.tiktokcdn.com
pull-c5-va01.tiktokcdn.com
pull-cmaf-f16-gcp01.tiktokcdn.com
pull-cmaf-f16-sg01.tiktokcdn-eu.com
pull-cmaf-f16-sg01.tiktokcdn.com
pull-cmaf-f16-sg01.ttlivecdn.com
pull-cmaf-f16-tt01.tiktokcdn.com
pull-cmaf-f16-tt02-tt03.fcdn.eu.tiktokcdn.com
pull-cmaf-f16-tt02.tiktokcdn.com
pull-cmaf-f16-tt03.fcdn.eu.tiktokcdn.com
pull-cmaf-f16-tt03.fcdn.us.tiktokcdn.com
pull-cmaf-f16-tt03.tiktokcdn.com
pull-cmaf-f16-tt04.tiktokcdn-eu.com
pull-cmaf-f16-tt04.tiktokcdn.com
pull-cmaf-f16-va01.tiktokcdn-eu.com
pull-cmaf-f16-va01.tiktokcdn.com
pull-cmaf-f5-sg01.tiktokcdn.com
pull-cmaf-f5-va01.tiktokcdn.com
pull-cmaf-f77-gcp01.tiktokcdn.com
pull-cmaf-f77-sg01.tiktokcdn.com
pull-cmaf-f77-tt03.fcdn.eu.tiktokcdn.com
pull-cmaf-f77-tt03.tiktokcdn.com
pull-cmaf-f77-va01.tiktokcdn.com
pull-cmaf-l10-gcp01.tiktokcdn.com
pull-cmaf-l10-sg01.tiktokcdn.com
pull-cmaf-l16-gcp01.tiktokcdn.com
pull-cmaf-l16-sg01.tiktokcdn.com
pull-cmaf-l16-va01.tiktokcdn.com
pull-cmaf-l77-gcp01.tiktokcdn.com
pull-cmaf-l77-va01.tiktokcdn.com
pull-f3-hs.pstatp.com
pull-f5-gcp01.tiktokcdn.com
pull-f5-hs.flive.pstatp.com
pull-f5-hs.pstatp.com
pull-f5-mus.pstatp.com
pull-f5-sg01.fcdn.eu.tiktokcdn.com
pull-f5-sg01.tiktokcdn-eu.com
pull-f5-sg01.tiktokcdn.com
pull-f5-sg01.ttlivecdn.com
pull-f5-tt01.fcdn.eu.tiktokcdn.com
pull-f5-tt01.tiktokcdn-eu.com
pull-f5-tt01.tiktokcdn.com
pull-f5-tt02.fcdn.eu.tiktokcdn.com
pull-f5-tt02.tiktokcdn-eu.com
pull-f5-tt02.tiktokcdn.com
pull-f5-tt03.fcdn.eu.tiktokcdn.com
pull-f5-tt03.tiktokcdn.com
pull-f5-tt04.tiktokcdn-eu.com
pull-f5-tt04.tiktokcdn.com
pull-f5-va01.fcdn.eu.tiktokcdn.com
pull-f5-va01.tiktokcdn-eu.com
pull-f5-va01.tiktokcdn.com
pull-f5-vr-gcp01.tiktokcdn.com
pull-f5-vr-sg01.tiktokcdn.com
pull-f5-vr-va01.tiktokcdn.com
pull-flv-f1-gcp01.tiktokcdn.com
pull-flv-f1-hs.pstatp.com
pull-flv-f1-sg01.tiktokcdn.com
pull-flv-f1-va01.tiktokcdn.com
pull-flv-f10-sg01.tiktokcdn.com
pull-flv-f10-va01.tiktokcdn.com
pull-flv-f11-gcp01.tiktokcdn.com
pull-flv-f11-sg01.tiktokcdn.com
pull-flv-f11-tt01.tiktokcdn.com
pull-flv-f11-va01.tiktokcdn.com
pull-flv-f6-hs.pstatp.com
pull-flv-f64-sg01.tiktokcdn.com
pull-flv-f64-va01.tiktokcdn.com
pull-flv-f65-sg01.tiktokcdn.com
pull-flv-f65-va01.tiktokcdn.com
pull-flv-f77-gcp01.tiktokcdn.com
pull-flv-f77-sg01.fcdn.eu.tiktokcdn.com
pull-flv-f77-sg01.tiktokcdn-eu.com
pull-flv-f77-sg01.tiktokcdn.com
pull-flv-f77-tt01-tt03.fcdn.eu.tiktokcdn.com
pull-flv-f77-tt01.tiktokcdn-eu.com
pull-flv-f77-tt01.tiktokcdn.com
pull-flv-f77-tt02-tt03.fcdn.eu.tiktokcdn.com
pull-flv-f77-tt02.tiktokcdn-eu.com
pull-flv-f77-tt02.tiktokcdn.com
pull-flv-f77-tt03-expt.fcdn.eu.tiktokcdn.com
pull-flv-f77-tt03.fcdn.eu.tiktokcdn.com
pull-flv-f77-tt03.fcdn.us.tiktokcdn.com
pull-flv-f77-tt03.tiktokcdn.com
pull-flv-f77-tt04.tiktokcdn-eu.com
pull-flv-f77-tt04.tiktokcdn.com
pull-flv-f77-va01.fcdn.eu.tiktokcdn.com
pull-flv-f77-va01.tiktokcdn-eu.com
pull-flv-f77-va01.tiktokcdn.com
pull-flv-l1-gcp01.tiktokcdn.com
pull-flv-l1-hs.pstatp.com
pull-flv-l1-mus.pstatp.com
pull-flv-l1-sg01.tiktokcdn.com
pull-flv-l1-va01.tiktokcdn.com
pull-flv-l10-gcp01.tiktokcdn.com
pull-flv-l10-sg01.tiktokcdn.com
pull-flv-l10-va01.tiktokcdn.com
pull-flv-l11-gcp01.tiktokcdn.com
pull-flv-l11-sg01.tiktokcdn.com
pull-flv-l11-va01.tiktokcdn.com
pull-flv-l16-gcp01.tiktokcdn.com
pull-flv-l16-sg01.tiktokcdn.com
pull-flv-l16-va01.tiktokcdn.com
pull-flv-l6-hs.pstatp.com
pull-flv-l77-gcp01.eu.tiktokcdn.com
pull-flv-l77-gcp01.tiktokcdn.com
pull-flv-l77-sg01.eu.tiktokcdn.com
pull-flv-l77-sg01.tiktokcdn.com
pull-flv-l77-tt01.eu.tiktokcdn.com
pull-flv-l77-tt01.tiktokcdn.com
pull-flv-l77-tt02.eu.tiktokcdn.com
pull-flv-l77-tt02.tiktokcdn.com
pull-flv-l77-va01.eu.tiktokcdn.com
pull-flv-l77-va01.tiktokcdn.com
pull-flv-o1-sg01.tiktokcdn.com
pull-flv-o1-va01.tiktokcdn.com
pull-flv-o11-sg01.tiktokcdn.com
pull-flv-o11-va01.tiktokcdn.com
pull-flv-o77-sg01.eu.tiktokcdn.com
pull-flv-o77-sg01.tiktokcdn.com
pull-flv-o77-va01.eu.tiktokcdn.com
pull-flv-o77-va01.tiktokcdn.com
pull-flv-q1-sg01.tiktokcdn.com
pull-flv-q1-va01.tiktokcdn.com
pull-flv-q10-sg01.tiktokcdn.com
pull-flv-q10-va01.tiktokcdn.com
pull-flv-q77-sg01.eu.tiktokcdn.com
pull-flv-q77-sg01.tiktokcdn.com
pull-flv-q77-va01.eu.tiktokcdn.com
pull-flv-q77-va01.tiktokcdn.com
pull-flv-w10-sg01.tiktokcdn.com
pull-flv-w10-va01.tiktokcdn.com
pull-flv-w11-sg01.tiktokcdn.com
pull-flv-w11-va01.tiktokcdn.com
pull-flv-w77-sg01.eu.tiktokcdn.com
pull-flv-w77-sg01.tiktokcdn.com
pull-flv-w77-va01.eu.tiktokcdn.com
pull-flv-w77-va01.tiktokcdn.com
pull-hls-f77-gcp01.tiktokcdn.com
pull-hls-f77-sg01.tiktokcdn.com
pull-hls-f77-va01.tiktokcdn.com
pull-hls-l1-mus.pstatp.com
pull-hls-l77-va01.tiktokcdn.com
pull-l3-hs.pstatp.com
pull-lls-l1-sg01.tiktokcdn.com
pull-lls-l1-va01.tiktokcdn.com
pull-lls-l10-sg01.tiktokcdn.com
pull-lls-l10-va01.tiktokcdn.com
pull-lls-l11-sg01.tiktokcdn.com
pull-lls-l11-va01.tiktokcdn.com
pull-lls-l11.tiktokcdn.com
pull-o5-gcp01.tiktokcdn.com
pull-o5-sg01.fcdn.eu.tiktokcdn.com
pull-o5-sg01.tiktokcdn.com
pull-o5-va01.fcdn.eu.tiktokcdn.com
pull-o5-va01.tiktokcdn.com
pull-q5-gcp01.tiktokcdn.com
pull-q5-sg01.fcdn.eu.tiktokcdn.com
pull-q5-sg01.tiktokcdn.com
pull-q5-sg01.ttlivecdn.com
pull-q5-va01.fcdn.eu.tiktokcdn.com
pull-q5-va01.tiktokcdn.com
pull-q5-va01.ttlivecdn.com
pull-rtmp-f1-hs.pstatp.com
pull-rtmp-f6-hs.pstatp.com
pull-rtmp-l1-hs.pstatp.com
pull-rtmp-l1-mus.pstatp.com
pull-rtmp-l6-hs.pstatp.com
pull-w5-gcp01.tiktokcdn.com
pull-w5-sg01.fcdn.eu.tiktokcdn.com
pull-w5-sg01.tiktokcdn.com
pull-w5-sg01.ttlivecdn.com
pull-w5-va01.fcdn.eu.tiktokcdn.com
pull-w5-va01.tiktokcdn.com
pull-w5-va01.ttlivecdn.com
push-rtmp-f5-sg01.tiktokcdn.com
push-rtmp-f5-sg01.ttlivecdn.com
push-rtmp-f5-tt03.fcdn.eu.tiktokcdn.com
push-rtmp-f5-tt04.tiktokcdn-eu.com
push-rtmp-f5-vr-sg01.tiktokcdn.com
push-rtmp-l1-sg01.tiktokcdn.com
push-rtmp-l10-sg01.tiktokcdn.com
push-rtmp-l11-sg01.tiktokcdn.com
push-rtmp-l16-sg01.tiktokcdn.com
push-rtmp-l77-sg01.tiktokcdn.com
pvp.net
pximg.net
qos-prod-aws-fra-common-common.gs.ea.com
qos-prod-bio-iad-common-common.gos.ea.com
qos-prod-bio-sjc-common-common.gos.ea.com
qos-prod-bio-syd-common-common.gos.ea.com
qos-prod-i3d-dxb-common-common.gos.ea.com
qos-prod-i3d-hkg-common-common.gos.ea.com
qos-prod-i3d-jnb-common-common.gos.ea.com
qos-prod-m3d-brz-common-common.gos.ea.com
qos-prod-m3d-nrt-common-common.gos.ea.com
qoscoordinator.gameservices.ea.com
qt.io
quic-tiktok-core-proxy-i18n-gcpva.byteoversea.net
quic-tiktok-proxy-i18n-gcpva.byteoversea.net
quora.com
quoracdn.net
r.bbci.co.uk
r2cdn.perplexity.ai
radarr.video
radiosvoboda.org
ralphlauren.eu
rblx.co
rblx.com
rblx.org
rblxcdn.roblox.com
rbx-stage.com
rbx.cn
rbx.com
rbx.dev
rbxcdn-cn.com
rbxcdn.com
rbxcdn.net
rbxes.com
rbxgame.com
rbxinfra.com
rbxinfra.net
rbxlabs.com
rbxtrk.com
rdatasrv.net
rdtcdn.com
rdtds.net
recaptcha.net
reddxxx.com
redgifs.com
redis.com
redshieldvpn.com
redtube.com
release-manager.sc-cdn.net
republic.ru
research.perplexity.ai
rezka.ag
rezka.my
rezkify.com
rgpub.io
riotcdn.net
ro-blox.com
roadblocks.com
robinfrontend-pa.googleapis.com
roblocks.com
roblox-load-generator-configuration.s3.us-east-2.amazonaws.com
roblox-poc.global.ssl.fastly.net
roblox.app
roblox.ca
roblox.cc
roblox.cl
roblox.co.jp
roblox.co.uk
roblox.com
roblox.de
roblox.dev
roblox.dk
roblox.eu
roblox.fr
roblox.hu
roblox.in
roblox.it
roblox.jp
roblox.kr
roblox.lat
roblox.mx
roblox.net
roblox.org
roblox.ph
roblox.pt
roblox.sk
roblox.tv
roblox.uk
roblox.us
roblox.vn
robloxads.com
robloxcdn.com
robloxcorp.com
robloxcorp.s.llnwi.net
robloxcorporation.com
robloxdev.com
robloxengine.com
robloxgame.com
robloxlabs.cn
robloxlabs.com
robloxmail.com
robloxmedia.com
robloxrcs.com
robloxtechtalks.com
robloxtoy.com
robloxuniverse.com
robux.com
rowblocks.com
rowblox.com
rpmfusion.org
rsp.snapchat.com
rtam-collector.snapchat.com
rtlog16-normal-ie.tiktokv.eu
ru.bellingcat.com
ru.euronews.com
ru.korrespondent.net
ru.krymr.com
ru.xhamster.com
rulate.ru
rule34.xxx
s.pximg.net
s.sc-cdn.net
s.snapchat.com
s.tiktokcdn.com
s2.go-mpulse.net
s20.tiktokcdn.com
sanity.io
sapphire.api.microsoftapp.net
sb-cd.com
sc-cdn.net
sc-corp.net
sc-gw.com
sc-jpl.com
sc-prod.net
sc-static.net
scan-partners.snapchat.com
scan.snapchat.com
scdn.co
scira.ai
search.i.perplexity.ai
search.musicbrainz.org
search.snapchat.com
search16-normal-c-alisg.tiktokv.com
search16-normal-ycru.tiktokv.com
seasonvar.ru
secure.sndcdn.com
seed-mix-image.spotifycdn.com
seektables.scdn.co
seeurlpcl.com
self.events.data.microsoft.com
semnasem.org
sentry-cdn.com
sentry.dev
sentry.io
servarr.com
servd-anthropic-website.b-cdn.net
server-108-156-22-18.hel51.r.cloudfront.net
server-108-156-22-30.hel51.r.cloudfront.net
server-108-156-22-60.hel51.r.cloudfront.net
server-108-156-22-76.hel51.r.cloudfront.net
server-52-85-49-108.hel50.r.cloudfront.net
server-52-85-49-113.hel50.r.cloudfront.net
server-52-85-49-118.hel50.r.cloudfront.net
server-52-85-49-126.hel50.r.cloudfront.net
server-52-85-49-30.hel50.r.cloudfront.net
server-52-85-49-42.hel50.r.cloudfront.net
server-52-85-49-85.hel50.r.cloudfront.net
services.bingapis.com
session.snapchat.com
sf1-ttcdn-tos.pstatp.com
sf16-geckocdn.tiktokcdn.com
sf16-ttcdn-tos.ipstatp.com
sf16-va.tiktokcdn.com
sf16-website-login.neutral.ttwstatic.com
sf16m-geckocdn.tiktokcdn.com
sf6-ttcdn-tos.pstatp.com
sgsnssdk.com
share.snapchat.com
shows.snapchat.com
singlekey-id.com
sketch.pixiv.net
skiafy.i.perplexity.ai
skor.ill.in.ua
sks.snapchat.com
skyscanner.com
slideshare.net
snap-dev.net
snap-storage-cdn.l.google.com
snap.com
snapads.com
snapcamera.snapchat.com
snapchat-payments-gateway.snapchat.com
snapchat.com
snapcodes.snapchat.com
snapkit.com
snapmap.com
snapmap.org
snapmaps.com
snaporiginals.snapchat.com
snappublisher-dev.sc-cdn.net
snappublisher.sc-cdn.net
snappublisher.snapchat.com
snd.sc
sndcdn.com
social.perplexity.ai
sonar.perplexity.ai
sora.com
soundcloud.com
sovanews.tv
spankbang.com
spclient.wg.spotify.com
speechs3proto2-pa.googleapis.com
split.io
spoti.fi
spotify-everywhere.com
spotify.com
spotify.design
spotifycdn.com
spotifycdn.net
spotifycharts.com
spotifycodes.com
spotifyforbrands.com
spotifyjobs.com
spring18.gosredirector.ea.com
squadbustersgame.com
ssc.currenttime.tv
ssc.golosameriki.com
ssc.krymr.com
st.navalny.com
st.perplexity.ai
staging-us-east1-aws.api.snapchat.com
staging.app-analytics.snapchat.com
stalker2.com
static.bbci.co.uk
static.dw.com
static.euronews.com
static.files.bbci.co.uk
static.i.perplexity.ai
static.istories.media
static.massimodutti.net
static.moscowtimes.ru
static.snapchat.com
static.zara.net
statichdrezka.ac
stats.metabrainz.org
statto-metadata.api.bbci.co.uk
status.perplexity.ai
stchatscripts.blob.core.windows.net
steam-api.com
steam.tv
steamcommunity-a.akamaihd.net
steamcommunity.com
steampowered.com
steamserver.net
steamstatic.com
stitch.withgoogle.com
stockx.com
store.snapchat.com
story.snapchat.com
strava.com
streamable.com
stripe.com
stripe.network
stripe.perplexity.ai
strpst.com
studio-app.snapchat.com
studio-crash.snapchat.com
subscriptions-beta.snapchat.com
subscriptions.snapchat.com
suggest.perplexity.ai
supercell.com
supercellcreators.com
supercellgames.com
supercellid.com
supercellstore.com
support.canvas.snapchat.com
support.lensstudio.snapchat.com
support.snapchat.com
support.tiktok.com
surfshark.com
survey.snapchat.com
svoboda.org
t-s.news
t.co
t.scdn.co
t.snapchat.com
t3.chat
tags.currenttime.tv
tags.golosameriki.com
tags.krymr.com
tags.tiqcdn.com
tailscale.com
talkingkotlin.com
tayga.info
teachers-prod.perplexity.ai
tellapart.com
terraform.io
test-api.musicbrainz.org
test-community.metabrainz.org
test.metabrainz.org
test.musicbrainz.org
testeveonline.com
testing.i.perplexity.ai
the-village.ru
theaudiodb.com
theins.press
theins.ru
themoviedb.org
thetruestory.news
thisis-images.spotifycdn.com
thumbs.filmix.fm
tickets.metabrainz.org
tidal.com
tiktok-lb-alisg.byteoversea.net
tiktok-lb-maliva.byteoversea.net
tiktok-platform-lb-alisg.byteoversea.net
tiktok.com
tiktokcdn-in.com
tiktokcdn-us.com
tiktokcdn-us.com.atomile.com
tiktokcdn.com
tiktokcdn.com.atomile.com
tiktokcdn.com.c.bytetcdn.com
tiktokcdn.com.c.worldfcdn.com
tiktokcdn.com.rocket-cdn.com
tiktokd.org
tiktokglobalshop.com
tiktokv.com
tiktokv.com.c.worldfcdn.com
tiktokv.com.c.worldfcdn2.com
tiktokw.eu
tinkercad.com
tiptop-vpn.com
tl.rulate.ru
tlivecdn.com
tmdb-image-prod.b-cdn.net
tmdb.com
tmdb.org
tnc16-normal-ie.tiktokv.eu
tnc16-normal-ycru.tiktokv.com
topic-sticker-vending-us-east-1.snapchat.com
topic-sticker-vending.snapchat.com
tr-shadow.snapchat.com
tr.snapchat.com
tr6.snapchat.com
trae.ai
trainingpeaks.com
translations.metabrainz.org
trends.snapchat.com
trust.perplexity.ai
tryroblox.com
ttlivecdn.com
ttlivecdn.com.c.worldfcdn.com
ttoversea.net
ttoverseaus.net
turbocookiecompliance.blob.core.windows.net
tutanota.com
tvrain.ru
tweetdeck.com
twimg.com
twitpic.com
twitter.biz
twitter.com
twitter.jp
twittercommunity.com
twitterflightschool.com
twitterinc.com
twitteroauth.com
twitterstat.us
twtrdns.net
twttr.com
twttr.net
twvid.com
tyx45436.jscrambler.com
ua.korrespondent.net
ua.krymr.com
ubnt.com
ug-attribution-ie.tiktokv.eu
ui.com
ui.i.perplexity.ai
unian.net
unpkg.com
us-central1-gcp.api.snapchat.com
us-east-1-bitmoji.api.snapchat.com
us-east-1.aws.staging.duplex.snapchat.com
us-east-1.content-annotations-service.snapchat.com
us-east-1.shows.snapchat.com
us-east-1.story-studio.snapchat.com
us-east1-aws-acc-test.api.snapchat.com
us-east1-aws-acc.api.snapchat.com
us-east1-aws-cf.api.snapchat.com
us-east1-aws.api.snapchat.com
us-east1-aws.gateway.snapchat.com
us-east4-gcp-ineg.api.snapchat.com
us-east4-gcp.api.snapchat.com
us-west-2.aws.staging.duplex.snapchat.com
us.tiktok.com
usc1-gcp-v61.api.snapchat.com
usc1-gcp-v62.api.snapchat.com
use4-gcp-v4.api.snapchat.com
use4-gcp-v6.api.snapchat.com
usher.ttvnw.net
usw2.preview.i.perplexity.ai
v16-tiktokcdn-com.akamaized.net
v16-va.tiktokcdn.com
v16a.tiktokcdn.com
v16m.tiktokcdn.com
v19.tiktokcdn.com
v58.tiktokcdn.com
v77.tiktokcdn.com
v9.tiktokcdn.com
vagrantcloud.com
vcs-ru.tiktokv.com
vcs16-normal-ie.tiktokv.eu
velocidrone.com
verify-sg.tiktok.com
verstka.media
video-akpcw-cdn-spotify-com.akamaized.net
view.email.snapchat.com
view.learn.ads.snapchat.com
vine.co
vndb.org
voidboost.cc
voidnetwork.cloud
vot-tak.tv
vpngate.net
vpngen.org
vpnlove.me
vpnpay.io
vps-16ca9f61.vps.ovh.net
vps-d9971686.vps.ovh.net
vroid-hub.pximg.net
vroid.com
vroid.pixiv.help
w.snapchat.com
wap.spotifycdn.com
warnerbrosgames.com
wbagora.com
wbgames.com
wbinsights.com
weather.com
web-cdn.api.bbci.co.uk
web-sdk-assets.spotifycdn.com
web.snapchat.com
webattachments.snapchat.com
webcast-ws16-normal-ie.tiktokv.eu
webcast16-normal-ie.tiktokv.eu
webcast16-normal-ycru.tiktokv.com
webcast16-ws-alisg.tiktokv.com
webcast22-ws-alisg.tiktokv.com
webchannel-alkalimakersuite-pa.clients6.google.com
welt.de
wetransfer.com
whatis.snapchat.com
whatsup.metabrainz.org
whoami.akamai.net
whoop.com
wiki.musicbrainz.org
windguru.cz
windowsupdate.com
winter15.gosredirector.ea.com
wise.com
wl.spotify.com
wolf.metabrainz.org
ws.musicbrainz.org
wunderground.com
www.agent.dept.one
www.agents.media
www.agentura.ru
www.babook.org
www.bbc.com
www.beeg.com
www.bellingcat.com
www.cherta.media
www.chess.com
www.colta.ru
www.cos.com
www.currenttime.tv
www.danbooru.donmai.us
www.daramalive.life
www.dept.one
www.deviantart.com
www.doramy.club
www.doxa.team
www.duolingo.com
www.dw.com
www.echofm.online
www.ehorussia.com
www.ej.ru
www.elevenlabs.io
www.euronews.com
www.events.snapchat.com
www.exler.ru
www.f95zone.to
www.fanbox.cc
www.fastpic.org
www.fastpic.ru
www.femeretes.org
www.ficbook.net
www.filmix.biz
www.filmix.fm
www.fmhy.lol
www.fmhy.net
www.gelbooru.com
www.golosameriki.com
www.googletagmanager.com
www.gordonua.com
www.gulagu.net
www.hdrezka.ac
www.hdrezka.ag
www.hdrezka.cm
www.hentaichan.live
www.holod.media
www.hqporner.com
www.hrw.org
www.important-stories.com
www.infinitenovel.eu
www.intg.snapchat.com
www.istories.media
www.kasparov.ru
www.kavkaz-uzel.eu
www.kino.pub
www.kinobase.org
www.kinovod.net
www.kinovod.pro
www.korrespondent.net
www.krymr.com
www.linkedin.com
www.lostfilm.run
www.lostfilm.tv
www.lostfilm.win
www.massimodutti.com
www.mdza.io
www.mediazona.ca
www.medium.com
www.meduza.io
www.memohrc.org
www.memopzk.org
www.memorialcenter.org
www.moscowtimes.ru
www.musicbrainz.org
www.naukimg.com
www.naukri.com
www.navalny.com
www.netflix.com
www.newtimes.ru
www.novayagazeta.eu
www.novayagazeta.ru
www.ovd.info
www.ovdinfo.legal
www.ovdinfo.org
www.paperagency.team
www.paperpaper.ru
www.papersupport.ru
www.perplexity.ai
www.photonengine.io
www.picard.musicbrainz.org
www.pixiv.net
www.pixivision.net
www.polit.ru
www.pornhub.com
www.proekt.media
www.proton.me
www.protonmail.com
www.proxyline.net
www.quora.com
www.radiosvoboda.org
www.ralphlauren.eu
www.reddxxx.com
www.redgifs.com
www.redtube.com
www.rezka.ag
www.rulate.ru
www.rule34.xxx
www.semnasem.org
www.serv01001.xyz
www.snapchat.com
www.social.perplexity.ai
www.soundcloud.com
www.spotify.com
www.svoboda.org
www.t-s.news
www.tayga.info
www.the-village.ru
www.theins.press
www.theins.ru
www.thetruestory.news
www.tiktok.com
www.tiktokv.com
www.tiktokw.eu
www.trainingpeaks.com
www.tvrain.ru
www.unian.net
www.verstka.media
www.vndb.org
www.vot-tak.tv
www.xhamster.com
www.xhamsterlive.com
www.xnxx-ru.com
www.xnxx.com
www.xv-ru.com
www.xvideos.com
www.younettranslate.com
www.zara.com
www.zeflix.online
www.zetimage.net
www.zona.media
x.ai
x.com
x.hentaichan.live
xboxlive.com
xhamster.com
xhamsterlive.com
xhcdn.com
xnxx-cdn.com
xnxx-ru.com
xnxx.com
xv-ru.com
xvideos-cdn.com
xvideos.com
y.hentaichan.live
youmakethegame.com
youmakethegames.com
younettranslate.com
yt.i.perplexity.ai
zapier-deployment.com
zapier.com
zeflix.online
zet-flix.online
zetflix-online.lol
zetflix-online.skin
zetflix.app
zetimage.net
zohomail.com
zona.media
2.16.0.0/23
2.16.10.0/23
2.16.56.0/23
2.16.110.0/23
2.16.164.0/23
2.16.168.0/23
2.16.224.0/19
2.17.176.0/20
2.17.251.0/24
2.18.64.0/20
2.19.176.0/20
2.19.196.0/22
2.19.204.0/22
2.20.142.0/23
2.20.244.0/23
2.20.254.0/23
2.21.16.0/20
2.21.64.0/20
2.21.192.0/20
2.21.240.0/24
2.22.28.0/22
2.22.50.0/24
2.22.144.0/20
2.23.0.0/20
2.23.80.0/20
2.23.96.0/20
2.23.160.0/20
3.0.0.0/8
4.144.0.0/12
4.192.0.0/12
4.224.0.0/12
5.61.48.0/22
5.252.32.0/22
8.0.0.0/13
8.32.0.0/11
8.232.0.0/14
13.32.0.0/12
13.48.0.0/13
13.56.0.0/14
13.64.0.0/11
13.104.0.0/14
13.208.0.0/12
13.224.0.0/12
13.248.0.0/14
14.0.0.0/10
15.196.0.0/14
15.235.0.0/16
16.12.0.0/16
16.15.0.0/16
16.148.0.0/16
16.182.0.0/16
17.0.0.0/8
18.64.0.0/10
18.128.0.0/9
20.33.0.0/16
20.40.0.0/13
20.48.0.0/12
20.64.0.0/10
20.184.0.0/13
20.192.0.0/10
23.0.0.0/12
23.20.0.0/14
23.32.0.0/11
23.64.0.0/14
23.72.0.0/13
23.90.128.0/18
23.92.208.0/20
23.185.0.0/24
23.192.0.0/11
23.236.112.0/20
27.128.0.0/9
31.43.160.0/23
31.43.172.0/23
32.184.0.0/13
32.192.0.0/12
34.32.0.0/11
34.64.0.0/10
34.128.0.0/9
35.71.128.0/17
35.80.0.0/12
35.152.0.0/13
35.160.0.0/11
35.192.0.0/11
35.224.0.0/12
35.240.0.0/13
37.1.200.0/21
37.19.194.0/24
37.19.202.0/24
37.19.214.0/23
38.0.0.0/7
40.74.0.0/15
40.76.0.0/14
40.112.0.0/13
42.0.0.0/8
43.0.0.0/9
43.128.0.0/10
43.239.128.0/17
44.192.0.0/10
45.55.0.0/16
45.83.222.0/23
45.192.0.0/11
46.8.8.0/23
46.30.41.0/24
46.51.128.0/18
46.62.160.0/20
46.137.128.0/18
46.151.192.0/24
46.224.96.0/20
47.246.0.0/16
49.13.48.0/20
50.16.0.0/14
51.10.0.0/15
51.15.0.0/18
51.104.0.0/15
51.116.128.0/17
51.132.0.0/16
52.0.0.0/10
52.64.0.0/12
52.84.0.0/14
52.88.0.0/13
52.136.0.0/13
52.160.0.0/11
52.192.0.0/10
54.64.0.0/11
54.144.0.0/12
54.160.0.0/11
54.192.0.0/12
54.208.0.0/13
54.216.0.0/14
54.224.0.0/11
57.0.0.0/8
62.197.45.0/25
62.204.42.0/24
63.32.0.0/14
63.140.32.0/19
63.176.0.0/12
64.29.17.0/24
64.226.64.0/18
64.227.0.0/17
64.233.160.0/19
64.239.109.0/24
64.239.123.0/24
65.0.0.0/12
65.21.0.0/16
65.52.0.0/14
65.108.0.0/15
66.33.60.0/24
66.203.124.0/22
66.254.96.0/19
67.199.248.0/24
67.202.0.0/18
67.219.144.0/21
69.163.128.0/17
71.18.0.0/16
72.163.0.0/16
74.125.0.0/16
74.220.96.0/19
75.2.0.0/17
75.101.128.0/17
76.76.21.0/24
76.223.0.0/17
77.37.54.0/23
79.127.211.0/24
79.127.216.0/24
79.127.229.0/24
79.127.231.0/24
80.239.138.0/24
80.239.150.0/25
80.239.254.0/24
81.19.74.0/24
81.222.110.0/23
82.27.188.0/24
82.192.72.0/24
82.208.41.64/29
84.17.61.0/24
84.38.4.0/24
85.236.55.0/28
87.119.0.0/18
87.237.34.0/23
87.245.192.0/20
88.99.209.128/26
88.198.16.0/20
88.208.0.0/18
88.221.96.0/22
89.124.99.0/24
89.221.208.0/20
89.222.127.0/24
91.98.16.0/20
91.99.96.0/20
91.108.120.0/22
91.198.166.0/25
92.112.180.0/22
92.122.0.0/15
94.75.220.0/25
94.130.35.192/26
94.140.114.0/23
95.100.0.0/15
96.16.0.0/15
98.80.0.0/12
98.98.0.0/16
99.80.0.0/15
99.83.128.0/17
99.84.0.0/16
100.20.0.0/14
100.24.0.0/13
100.48.0.0/12
101.32.0.0/12
103.103.128.0/17
103.136.128.0/17
103.151.128.0/17
104.0.0.0/11
104.40.0.0/13
104.64.0.0/10
104.153.232.0/21
104.154.0.0/15
104.208.0.0/13
104.244.40.0/21
104.247.80.0/22
107.20.0.0/14
108.128.0.0/13
108.136.0.0/14
108.156.0.0/14
108.177.0.0/17
109.61.80.0/24
109.200.215.128/26
109.200.222.0/26
109.234.211.0/24
111.0.0.0/10
111.128.0.0/10
112.0.0.0/8
113.64.0.0/10
116.128.0.0/10
116.196.0.0/15
116.202.0.0/15
121.0.0.0/11
121.32.0.0/13
122.160.0.0/11
125.32.0.0/12
125.64.0.0/10
128.14.0.0/16
128.75.0.0/16
128.116.0.0/17
128.245.0.0/16
130.44.212.0/22
130.158.0.0/16
130.211.0.0/16
130.255.0.0/16
131.143.124.0/24
135.181.0.0/16
136.143.176.0/20
136.243.0.0/16
138.113.0.0/16
138.197.0.0/16
138.199.0.0/18
139.45.0.0/16
139.162.0.0/16
140.82.112.0/20
140.179.0.0/16
140.211.0.0/16
142.132.128.0/17
142.202.48.0/22
142.250.0.0/15
143.14.0.0/16
143.42.0.0/16
143.166.0.0/16
143.204.0.0/16
143.244.32.0/19
145.224.192.0/19
146.75.0.0/16
148.153.0.0/16
149.137.128.0/20
150.168.0.0/14
151.0.0.0/8
152.2.0.0/16
152.233.0.0/17
154.64.0.0/10
155.102.0.0/16
156.146.32.0/19
156.225.0.0/16
156.227.0.0/16
156.238.0.0/16
156.251.0.0/16
157.90.0.0/16
159.69.0.0/16
159.153.0.0/16
160.79.104.0/21
161.58.0.0/16
162.19.0.0/16
162.128.0.0/16
162.158.0.0/15
162.244.52.0/22
163.171.77.0/24
163.176.0.0/12
165.227.0.0/16
166.117.0.0/16
167.235.0.0/16
168.235.192.0/20
169.150.192.0/18
172.64.0.0/13
172.104.0.0/15
172.217.0.0/16
172.224.0.0/12
172.241.16.0/20
172.253.0.0/16
173.192.0.0/13
176.58.48.0/23
178.33.160.0/21
178.248.237.68/32
179.32.0.0/12
182.192.0.0/10
183.0.0.0/8
184.24.0.0/13
184.32.0.0/12
184.50.0.0/15
184.72.0.0/15
184.84.0.0/14
184.104.0.0/15
185.34.190.0/23
185.39.18.0/24
185.50.104.192/26
185.53.179.0/24
185.59.220.192/28
185.59.223.0/24
185.70.40.0/22
185.76.9.0/24
185.86.95.0/24
185.109.48.0/25
185.111.111.0/24
185.141.164.0/23
185.154.14.128/25
185.156.47.0/24
185.159.159.0/24
185.166.143.0/24
185.170.198.0/23
185.179.200.192/26
185.179.203.64/26
185.199.108.0/22
185.205.69.0/24
185.215.4.0/24
185.231.220.0/24
185.246.208.0/24
188.43.72.0/21
188.114.96.0/22
188.116.20.0/24
188.234.72.0/21
188.245.240.0/20
190.115.16.0/24
192.0.64.0/18
192.124.249.0/24
192.147.128.0/21
192.178.0.0/15
192.198.160.0/20
193.14.90.0/24
193.29.200.0/24
193.33.170.0/23
193.93.194.0/24
193.106.232.0/22
193.118.36.0/22
194.55.16.0/20
194.67.71.0/24
195.85.215.0/24
195.181.166.0/24
195.181.170.0/24
195.181.174.0/23
195.219.85.0/24
198.18.0.0/15
198.137.150.0/24
198.175.96.0/22
198.202.176.0/24
198.202.211.0/24
199.36.152.0/21
199.232.0.0/16
204.0.0.0/13
204.79.196.0/23
204.236.128.0/17
207.45.72.0/22
207.211.208.0/21
208.91.196.0/23
208.103.161.0/24
209.42.192.0/18
209.85.128.0/17
209.95.32.0/19
209.126.32.0/19
210.0.0.0/7
212.58.224.0/19
212.83.144.0/20
212.92.104.0/21
212.102.40.96/28
212.102.56.0/23
212.102.62.0/24
212.129.0.0/19
213.166.70.0/25
213.183.48.0/24
213.239.192.0/21
213.239.216.0/22
216.58.192.0/19
216.146.32.0/20
216.150.1.0/24
216.150.16.0/24
216.198.0.0/18
216.198.79.0/24
216.239.32.0/19
217.198.191.0/25
218.0.0.0/9
221.0.0.0/8
222.192.0.0/10
